[2024-03-14T00:25:33.372+0000][0.027s] Using G1
[2024-03-14T00:25:33.508+0000][0.163s] Version: 17.0.10+7 (release)
[2024-03-14T00:25:33.510+0000][0.165s] CPUs: 16 total, 16 available
[2024-03-14T00:25:33.511+0000][0.166s] Memory: 7854M
[2024-03-14T00:25:33.512+0000][0.167s] Large Page Support: Disabled
[2024-03-14T00:25:33.513+0000][0.168s] NUMA Support: Disabled
[2024-03-14T00:25:33.514+0000][0.169s] Compressed Oops: Enabled (32-bit)
[2024-03-14T00:25:33.515+0000][0.170s] Heap Region Size: 1M
[2024-03-14T00:25:33.515+0000][0.170s] Heap Min Capacity: 512M
[2024-03-14T00:25:33.516+0000][0.171s] Heap Initial Capacity: 512M
[2024-03-14T00:25:33.516+0000][0.171s] Heap Max Capacity: 512M
[2024-03-14T00:25:33.517+0000][0.172s] Pre-touch: Enabled
[2024-03-14T00:25:33.517+0000][0.172s] Parallel Workers: 13
[2024-03-14T00:25:33.518+0000][0.173s] Concurrent Workers: 3
[2024-03-14T00:25:33.519+0000][0.174s] Concurrent Refinement Workers: 13
[2024-03-14T00:25:33.519+0000][0.174s] Periodic GC: Disabled
[2024-03-14T00:25:33.536+0000][0.191s] CDS archive(s) mapped at: [0x00007fea03000000-0x00007fea03a5f000-0x00007fea03a5f000), size 10874880, SharedBaseAddress: 0x00007fea03000000, ArchiveRelocationMode: 1.
[2024-03-14T00:25:33.537+0000][0.192s] Compressed class space mapped at: 0x00007fea04000000-0x00007fea44000000, reserved size: 1073741824
[2024-03-14T00:25:33.538+0000][0.193s] Narrow klass base: 0x00007fea03000000, Narrow klass shift: 0, Narrow klass range: 0x100000000
[2024-03-14T00:25:37.024+0000][3.679s] GC(0) Pause Young (Normal) (G1 Evacuation Pause)
[2024-03-14T00:25:37.025+0000][3.680s] GC(0) Using 12 workers of 13 for evacuation
[2024-03-14T00:25:37.037+0000][3.692s] GC(0)   Pre Evacuate Collection Set: 1.4ms
[2024-03-14T00:25:37.037+0000][3.692s] GC(0)   Merge Heap Roots: 2.6ms
[2024-03-14T00:25:37.038+0000][3.693s] GC(0)   Evacuate Collection Set: 4.9ms
[2024-03-14T00:25:37.038+0000][3.693s] GC(0)   Post Evacuate Collection Set: 2.4ms
[2024-03-14T00:25:37.039+0000][3.694s] GC(0)   Other: 1.4ms
[2024-03-14T00:25:37.039+0000][3.694s] GC(0) Eden regions: 29->0(58)
[2024-03-14T00:25:37.039+0000][3.694s] GC(0) Survivor regions: 0->4(4)
[2024-03-14T00:25:37.040+0000][3.695s] GC(0) Old regions: 0->1
[2024-03-14T00:25:37.042+0000][3.697s] GC(0) Archive regions: 2->2
[2024-03-14T00:25:37.044+0000][3.699s] GC(0) Humongous regions: 0->0
[2024-03-14T00:25:37.045+0000][3.700s] GC(0) Metaspace: 9899K(10176K)->9899K(10176K) NonClass: 8689K(8832K)->8689K(8832K) Class: 1210K(1344K)->1210K(1344K)
[2024-03-14T00:25:37.046+0000][3.701s] GC(0) Pause Young (Normal) (G1 Evacuation Pause) 29M->5M(512M) 21.862ms
[2024-03-14T00:25:37.047+0000][3.702s] GC(0) User=0.04s Sys=0.01s Real=0.02s
[2024-03-14T00:25:38.704+0000][5.359s] GC(1) Pause Young (Normal) (G1 Evacuation Pause)
[2024-03-14T00:25:38.707+0000][5.362s] GC(1) Using 13 workers of 13 for evacuation
[2024-03-14T00:25:38.731+0000][5.386s] GC(1)   Pre Evacuate Collection Set: 1.4ms
[2024-03-14T00:25:38.732+0000][5.387s] GC(1)   Merge Heap Roots: 0.8ms
[2024-03-14T00:25:38.732+0000][5.387s] GC(1)   Evacuate Collection Set: 14.5ms
[2024-03-14T00:25:38.733+0000][5.388s] GC(1)   Post Evacuate Collection Set: 3.9ms
[2024-03-14T00:25:38.734+0000][5.389s] GC(1)   Other: 6.2ms
[2024-03-14T00:25:38.735+0000][5.390s] GC(1) Eden regions: 58->0(72)
[2024-03-14T00:25:38.736+0000][5.391s] GC(1) Survivor regions: 4->8(8)
[2024-03-14T00:25:38.736+0000][5.391s] GC(1) Old regions: 1->10
[2024-03-14T00:25:38.737+0000][5.392s] GC(1) Archive regions: 2->2
[2024-03-14T00:25:38.738+0000][5.393s] GC(1) Humongous regions: 4->4
[2024-03-14T00:25:38.739+0000][5.394s] GC(1) Metaspace: 18117K(18368K)->18117K(18368K) NonClass: 15904K(16064K)->15904K(16064K) Class: 2213K(2304K)->2213K(2304K)
[2024-03-14T00:25:38.740+0000][5.395s] GC(1) Pause Young (Normal) (G1 Evacuation Pause) 67M->21M(512M) 35.718ms
[2024-03-14T00:25:38.740+0000][5.395s] GC(1) User=0.14s Sys=0.03s Real=0.04s
[2024-03-14T00:25:39.795+0000][6.450s] GC(2) Pause Young (Concurrent Start) (Metadata GC Threshold)
[2024-03-14T00:25:39.813+0000][6.468s] GC(2) Using 13 workers of 13 for evacuation
[2024-03-14T00:25:39.849+0000][6.504s] GC(2)   Pre Evacuate Collection Set: 5.3ms
[2024-03-14T00:25:39.850+0000][6.505s] GC(2)   Merge Heap Roots: 1.1ms
[2024-03-14T00:25:39.850+0000][6.505s] GC(2)   Evacuate Collection Set: 19.3ms
[2024-03-14T00:25:39.851+0000][6.506s] GC(2)   Post Evacuate Collection Set: 2.8ms
[2024-03-14T00:25:39.851+0000][6.506s] GC(2)   Other: 31.2ms
[2024-03-14T00:25:39.852+0000][6.507s] GC(2) Eden regions: 29->0(102)
[2024-03-14T00:25:39.852+0000][6.507s] GC(2) Survivor regions: 8->2(10)
[2024-03-14T00:25:39.853+0000][6.508s] GC(2) Old regions: 10->18
[2024-03-14T00:25:39.853+0000][6.508s] GC(2) Archive regions: 2->2
[2024-03-14T00:25:39.854+0000][6.508s] GC(2) Humongous regions: 4->4
[2024-03-14T00:25:39.854+0000][6.509s] GC(2) Metaspace: 21236K(21504K)->21236K(21504K) NonClass: 18637K(18752K)->18637K(18752K) Class: 2599K(2752K)->2599K(2752K)
[2024-03-14T00:25:39.854+0000][6.509s] GC(2) Pause Young (Concurrent Start) (Metadata GC Threshold) 50M->24M(512M) 59.124ms
[2024-03-14T00:25:39.855+0000][6.510s] GC(2) User=0.21s Sys=0.02s Real=0.06s
[2024-03-14T00:25:39.855+0000][6.510s] GC(3) Concurrent Mark Cycle
[2024-03-14T00:25:39.856+0000][6.511s] GC(3) Concurrent Clear Claimed Marks
[2024-03-14T00:25:39.857+0000][6.512s] GC(3) Concurrent Clear Claimed Marks 0.608ms
[2024-03-14T00:25:39.857+0000][6.512s] GC(3) Concurrent Scan Root Regions
[2024-03-14T00:25:39.867+0000][6.522s] GC(3) Concurrent Scan Root Regions 9.550ms
[2024-03-14T00:25:39.868+0000][6.523s] GC(3) Concurrent Mark
[2024-03-14T00:25:39.868+0000][6.523s] GC(3) Concurrent Mark From Roots
[2024-03-14T00:25:39.869+0000][6.524s] GC(3) Using 3 workers of 3 for marking
[2024-03-14T00:25:39.888+0000][6.543s] GC(3) Concurrent Mark From Roots 19.424ms
[2024-03-14T00:25:39.889+0000][6.544s] GC(3) Concurrent Preclean
[2024-03-14T00:25:39.890+0000][6.545s] GC(3) Concurrent Preclean 0.999ms
[2024-03-14T00:25:39.893+0000][6.547s] GC(3) Pause Remark
[2024-03-14T00:25:39.900+0000][6.555s] GC(3) Pause Remark 25M->25M(512M) 7.562ms
[2024-03-14T00:25:39.901+0000][6.556s] GC(3) User=0.04s Sys=0.00s Real=0.01s
[2024-03-14T00:25:39.902+0000][6.557s] GC(3) Concurrent Mark 34.447ms
[2024-03-14T00:25:39.903+0000][6.558s] GC(3) Concurrent Rebuild Remembered Sets
[2024-03-14T00:25:39.918+0000][6.573s] GC(3) Concurrent Rebuild Remembered Sets 14.710ms
[2024-03-14T00:25:39.920+0000][6.575s] GC(3) Pause Cleanup
[2024-03-14T00:25:39.922+0000][6.577s] GC(3) Pause Cleanup 25M->25M(512M) 1.583ms
[2024-03-14T00:25:39.923+0000][6.577s] GC(3) User=0.01s Sys=0.00s Real=0.00s
[2024-03-14T00:25:39.923+0000][6.578s] GC(3) Concurrent Cleanup for Next Mark
[2024-03-14T00:25:39.925+0000][6.580s] GC(3) Concurrent Cleanup for Next Mark 1.917ms
[2024-03-14T00:25:39.936+0000][6.591s] GC(3) Concurrent Mark Cycle 80.940ms
[2024-03-14T00:25:45.459+0000][12.114s] GC(4) Pause Young (Concurrent Start) (Metadata GC Threshold)
[2024-03-14T00:25:45.464+0000][12.119s] GC(4) Using 13 workers of 13 for evacuation
[2024-03-14T00:25:45.484+0000][12.139s] GC(4)   Pre Evacuate Collection Set: 0.7ms
[2024-03-14T00:25:45.486+0000][12.141s] GC(4)   Merge Heap Roots: 0.9ms
[2024-03-14T00:25:45.487+0000][12.142s] GC(4)   Evacuate Collection Set: 8.8ms
[2024-03-14T00:25:45.487+0000][12.142s] GC(4)   Post Evacuate Collection Set: 8.8ms
[2024-03-14T00:25:45.488+0000][12.143s] GC(4)   Other: 6.2ms
[2024-03-14T00:25:45.492+0000][12.147s] GC(4) Eden regions: 92->0(300)
[2024-03-14T00:25:45.493+0000][12.148s] GC(4) Survivor regions: 2->7(13)
[2024-03-14T00:25:45.493+0000][12.148s] GC(4) Old regions: 18->18
[2024-03-14T00:25:45.494+0000][12.149s] GC(4) Archive regions: 2->2
[2024-03-14T00:25:45.494+0000][12.149s] GC(4) Humongous regions: 4->4
[2024-03-14T00:25:45.495+0000][12.150s] GC(4) Metaspace: 35905K(36288K)->35905K(36288K) NonClass: 31434K(31616K)->31434K(31616K) Class: 4471K(4672K)->4471K(4672K)
[2024-03-14T00:25:45.496+0000][12.151s] GC(4) Pause Young (Concurrent Start) (Metadata GC Threshold) 116M->29M(512M) 36.839ms
[2024-03-14T00:25:45.497+0000][12.152s] GC(4) User=0.06s Sys=0.02s Real=0.04s
[2024-03-14T00:25:45.499+0000][12.154s] GC(5) Concurrent Mark Cycle
[2024-03-14T00:25:45.499+0000][12.154s] GC(5) Concurrent Clear Claimed Marks
[2024-03-14T00:25:45.504+0000][12.159s] GC(5) Concurrent Clear Claimed Marks 4.174ms
[2024-03-14T00:25:45.516+0000][12.171s] GC(5) Concurrent Scan Root Regions
[2024-03-14T00:25:45.527+0000][12.182s] GC(5) Concurrent Scan Root Regions 11.192ms
[2024-03-14T00:25:45.529+0000][12.184s] GC(5) Concurrent Mark
[2024-03-14T00:25:45.539+0000][12.194s] GC(5) Concurrent Mark From Roots
[2024-03-14T00:25:45.540+0000][12.195s] GC(5) Using 3 workers of 3 for marking
[2024-03-14T00:25:45.574+0000][12.229s] GC(5) Concurrent Mark From Roots 35.142ms
[2024-03-14T00:25:45.575+0000][12.230s] GC(5) Concurrent Preclean
[2024-03-14T00:25:45.576+0000][12.231s] GC(5) Concurrent Preclean 1.265ms
[2024-03-14T00:25:45.578+0000][12.233s] GC(5) Pause Remark
[2024-03-14T00:25:45.597+0000][12.252s] GC(5) Pause Remark 31M->31M(512M) 19.375ms
[2024-03-14T00:25:45.598+0000][12.253s] GC(5) User=0.05s Sys=0.01s Real=0.02s
[2024-03-14T00:25:45.603+0000][12.258s] GC(5) Concurrent Mark 73.853ms
[2024-03-14T00:25:45.605+0000][12.260s] GC(5) Concurrent Rebuild Remembered Sets
[2024-03-14T00:25:45.626+0000][12.281s] GC(5) Concurrent Rebuild Remembered Sets 21.073ms
[2024-03-14T00:25:45.647+0000][12.302s] GC(5) Pause Cleanup
[2024-03-14T00:25:45.650+0000][12.305s] GC(5) Pause Cleanup 32M->32M(512M) 3.217ms
[2024-03-14T00:25:45.652+0000][12.307s] GC(5) User=0.01s Sys=0.00s Real=0.01s
[2024-03-14T00:25:45.654+0000][12.309s] GC(5) Concurrent Cleanup for Next Mark
[2024-03-14T00:25:45.661+0000][12.316s] GC(5) Concurrent Cleanup for Next Mark 6.485ms
[2024-03-14T00:25:45.665+0000][12.320s] GC(5) Concurrent Mark Cycle 166.255ms
[2024-03-14T00:52:11.304+0000][1598.021s] Heap
[2024-03-14T00:52:11.307+0000][1598.025s]  garbage-first heap   total 524288K, used 294878K [0x00000000e0000000, 0x0000000100000000)
[2024-03-14T00:52:11.313+0000][1598.031s]   region size 1024K, 265 young (271360K), 7 survivors (7168K)
[2024-03-14T00:52:11.314+0000][1598.032s]  Metaspace       used 57823K, committed 58432K, reserved 1114112K
[2024-03-14T00:52:11.315+0000][1598.032s]   class space    used 7383K, committed 7680K, reserved 1048576K
