[2024-03-14T06:08:28.743+0000][0.035s] Using G1
[2024-03-14T06:08:28.878+0000][0.170s] Version: 17.0.10+7 (release)
[2024-03-14T06:08:28.878+0000][0.170s] CPUs: 16 total, 16 available
[2024-03-14T06:08:28.879+0000][0.171s] Memory: 7854M
[2024-03-14T06:08:28.879+0000][0.172s] Large Page Support: Disabled
[2024-03-14T06:08:28.880+0000][0.172s] NUMA Support: Disabled
[2024-03-14T06:08:28.880+0000][0.173s] Compressed Oops: Enabled (32-bit)
[2024-03-14T06:08:28.881+0000][0.173s] Heap Region Size: 1M
[2024-03-14T06:08:28.882+0000][0.174s] Heap Min Capacity: 512M
[2024-03-14T06:08:28.882+0000][0.174s] Heap Initial Capacity: 512M
[2024-03-14T06:08:28.882+0000][0.175s] Heap Max Capacity: 512M
[2024-03-14T06:08:28.883+0000][0.176s] Pre-touch: Enabled
[2024-03-14T06:08:28.884+0000][0.177s] Parallel Workers: 13
[2024-03-14T06:08:28.886+0000][0.179s] Concurrent Workers: 3
[2024-03-14T06:08:28.888+0000][0.181s] Concurrent Refinement Workers: 13
[2024-03-14T06:08:28.889+0000][0.181s] Periodic GC: Disabled
[2024-03-14T06:08:28.898+0000][0.191s] CDS archive(s) mapped at: [0x00007fc067000000-0x00007fc067a5f000-0x00007fc067a5f000), size 10874880, SharedBaseAddress: 0x00007fc067000000, ArchiveRelocationMode: 1.
[2024-03-14T06:08:28.899+0000][0.191s] Compressed class space mapped at: 0x00007fc068000000-0x00007fc0a8000000, reserved size: 1073741824
[2024-03-14T06:08:28.899+0000][0.192s] Narrow klass base: 0x00007fc067000000, Narrow klass shift: 0, Narrow klass range: 0x100000000
[2024-03-14T06:08:30.892+0000][2.184s] GC(0) Pause Young (Normal) (G1 Evacuation Pause)
[2024-03-14T06:08:30.893+0000][2.185s] GC(0) Using 12 workers of 13 for evacuation
[2024-03-14T06:08:30.899+0000][2.191s] GC(0)   Pre Evacuate Collection Set: 0.4ms
[2024-03-14T06:08:30.900+0000][2.192s] GC(0)   Merge Heap Roots: 0.5ms
[2024-03-14T06:08:30.900+0000][2.192s] GC(0)   Evacuate Collection Set: 3.6ms
[2024-03-14T06:08:30.900+0000][2.192s] GC(0)   Post Evacuate Collection Set: 1.5ms
[2024-03-14T06:08:30.900+0000][2.193s] GC(0)   Other: 1.2ms
[2024-03-14T06:08:30.901+0000][2.193s] GC(0) Eden regions: 29->0(59)
[2024-03-14T06:08:30.901+0000][2.193s] GC(0) Survivor regions: 0->4(4)
[2024-03-14T06:08:30.901+0000][2.194s] GC(0) Old regions: 0->1
[2024-03-14T06:08:30.902+0000][2.194s] GC(0) Archive regions: 2->2
[2024-03-14T06:08:30.902+0000][2.194s] GC(0) Humongous regions: 0->0
[2024-03-14T06:08:30.902+0000][2.195s] GC(0) Metaspace: 9843K(10112K)->9843K(10112K) NonClass: 8640K(8768K)->8640K(8768K) Class: 1203K(1344K)->1203K(1344K)
[2024-03-14T06:08:30.903+0000][2.195s] GC(0) Pause Young (Normal) (G1 Evacuation Pause) 29M->5M(512M) 10.849ms
[2024-03-14T06:08:30.903+0000][2.195s] GC(0) User=0.03s Sys=0.00s Real=0.02s
[2024-03-14T06:08:32.072+0000][3.365s] GC(1) Pause Young (Normal) (G1 Evacuation Pause)
[2024-03-14T06:08:32.073+0000][3.365s] GC(1) Using 13 workers of 13 for evacuation
[2024-03-14T06:08:32.092+0000][3.385s] GC(1)   Pre Evacuate Collection Set: 0.6ms
[2024-03-14T06:08:32.093+0000][3.385s] GC(1)   Merge Heap Roots: 0.7ms
[2024-03-14T06:08:32.093+0000][3.386s] GC(1)   Evacuate Collection Set: 12.6ms
[2024-03-14T06:08:32.094+0000][3.386s] GC(1)   Post Evacuate Collection Set: 4.4ms
[2024-03-14T06:08:32.094+0000][3.387s] GC(1)   Other: 1.6ms
[2024-03-14T06:08:32.095+0000][3.387s] GC(1) Eden regions: 59->0(75)
[2024-03-14T06:08:32.096+0000][3.388s] GC(1) Survivor regions: 4->8(8)
[2024-03-14T06:08:32.096+0000][3.388s] GC(1) Old regions: 1->10
[2024-03-14T06:08:32.097+0000][3.389s] GC(1) Archive regions: 2->2
[2024-03-14T06:08:32.097+0000][3.389s] GC(1) Humongous regions: 4->4
[2024-03-14T06:08:32.098+0000][3.390s] GC(1) Metaspace: 18143K(18432K)->18143K(18432K) NonClass: 15929K(16128K)->15929K(16128K) Class: 2214K(2304K)->2214K(2304K)
[2024-03-14T06:08:32.098+0000][3.390s] GC(1) Pause Young (Normal) (G1 Evacuation Pause) 68M->22M(512M) 25.848ms
[2024-03-14T06:08:32.099+0000][3.391s] GC(1) User=0.16s Sys=0.01s Real=0.03s
[2024-03-14T06:08:32.995+0000][4.287s] GC(2) Pause Young (Concurrent Start) (Metadata GC Threshold)
[2024-03-14T06:08:32.996+0000][4.288s] GC(2) Using 13 workers of 13 for evacuation
[2024-03-14T06:08:33.005+0000][4.298s] GC(2)   Pre Evacuate Collection Set: 0.6ms
[2024-03-14T06:08:33.006+0000][4.298s] GC(2)   Merge Heap Roots: 0.4ms
[2024-03-14T06:08:33.006+0000][4.299s] GC(2)   Evacuate Collection Set: 5.4ms
[2024-03-14T06:08:33.007+0000][4.299s] GC(2)   Post Evacuate Collection Set: 2.0ms
[2024-03-14T06:08:33.007+0000][4.299s] GC(2)   Other: 1.9ms
[2024-03-14T06:08:33.008+0000][4.300s] GC(2) Eden regions: 28->0(120)
[2024-03-14T06:08:33.008+0000][4.300s] GC(2) Survivor regions: 8->2(10)
[2024-03-14T06:08:33.009+0000][4.301s] GC(2) Old regions: 10->18
[2024-03-14T06:08:33.009+0000][4.301s] GC(2) Archive regions: 2->2
[2024-03-14T06:08:33.010+0000][4.302s] GC(2) Humongous regions: 4->4
[2024-03-14T06:08:33.010+0000][4.302s] GC(2) Metaspace: 21234K(21504K)->21234K(21504K) NonClass: 18634K(18752K)->18634K(18752K) Class: 2599K(2752K)->2599K(2752K)
[2024-03-14T06:08:33.011+0000][4.303s] GC(2) Pause Young (Concurrent Start) (Metadata GC Threshold) 49M->24M(512M) 15.731ms
[2024-03-14T06:08:33.011+0000][4.303s] GC(2) User=0.07s Sys=0.01s Real=0.01s
[2024-03-14T06:08:33.012+0000][4.304s] GC(3) Concurrent Mark Cycle
[2024-03-14T06:08:33.013+0000][4.305s] GC(3) Concurrent Clear Claimed Marks
[2024-03-14T06:08:33.013+0000][4.305s] GC(3) Concurrent Clear Claimed Marks 0.568ms
[2024-03-14T06:08:33.014+0000][4.306s] GC(3) Concurrent Scan Root Regions
[2024-03-14T06:08:33.019+0000][4.312s] GC(3) Concurrent Scan Root Regions 5.611ms
[2024-03-14T06:08:33.020+0000][4.312s] GC(3) Concurrent Mark
[2024-03-14T06:08:33.020+0000][4.313s] GC(3) Concurrent Mark From Roots
[2024-03-14T06:08:33.021+0000][4.313s] GC(3) Using 3 workers of 3 for marking
[2024-03-14T06:08:33.033+0000][4.325s] GC(3) Concurrent Mark From Roots 12.458ms
[2024-03-14T06:08:33.033+0000][4.326s] GC(3) Concurrent Preclean
[2024-03-14T06:08:33.034+0000][4.326s] GC(3) Concurrent Preclean 0.617ms
[2024-03-14T06:08:33.035+0000][4.327s] GC(3) Pause Remark
[2024-03-14T06:08:33.040+0000][4.333s] GC(3) Pause Remark 25M->25M(512M) 5.760ms
[2024-03-14T06:08:33.041+0000][4.333s] GC(3) User=0.02s Sys=0.01s Real=0.00s
[2024-03-14T06:08:33.042+0000][4.334s] GC(3) Concurrent Mark 21.818ms
[2024-03-14T06:08:33.042+0000][4.334s] GC(3) Concurrent Rebuild Remembered Sets
[2024-03-14T06:08:33.043+0000][4.335s] GC(3) Concurrent Rebuild Remembered Sets 0.723ms
[2024-03-14T06:08:33.045+0000][4.337s] GC(3) Pause Cleanup
[2024-03-14T06:08:33.047+0000][4.339s] GC(3) Pause Cleanup 25M->25M(512M) 1.509ms
[2024-03-14T06:08:33.047+0000][4.340s] GC(3) User=0.00s Sys=0.00s Real=0.00s
[2024-03-14T06:08:33.048+0000][4.340s] GC(3) Concurrent Cleanup for Next Mark
[2024-03-14T06:08:33.049+0000][4.342s] GC(3) Concurrent Cleanup for Next Mark 1.279ms
[2024-03-14T06:08:33.050+0000][4.342s] GC(3) Concurrent Mark Cycle 38.140ms
[2024-03-14T06:08:36.464+0000][7.756s] GC(4) Pause Young (Concurrent Start) (Metadata GC Threshold)
[2024-03-14T06:08:36.464+0000][7.757s] GC(4) Using 13 workers of 13 for evacuation
[2024-03-14T06:08:36.477+0000][7.769s] GC(4)   Pre Evacuate Collection Set: 0.6ms
[2024-03-14T06:08:36.477+0000][7.769s] GC(4)   Merge Heap Roots: 0.5ms
[2024-03-14T06:08:36.477+0000][7.770s] GC(4)   Evacuate Collection Set: 7.4ms
[2024-03-14T06:08:36.478+0000][7.770s] GC(4)   Post Evacuate Collection Set: 3.2ms
[2024-03-14T06:08:36.478+0000][7.770s] GC(4)   Other: 1.0ms
[2024-03-14T06:08:36.478+0000][7.770s] GC(4) Eden regions: 93->0(300)
[2024-03-14T06:08:36.478+0000][7.771s] GC(4) Survivor regions: 2->7(16)
[2024-03-14T06:08:36.479+0000][7.771s] GC(4) Old regions: 18->18
[2024-03-14T06:08:36.479+0000][7.771s] GC(4) Archive regions: 2->2
[2024-03-14T06:08:36.479+0000][7.771s] GC(4) Humongous regions: 4->4
[2024-03-14T06:08:36.479+0000][7.772s] GC(4) Metaspace: 35807K(36160K)->35807K(36160K) NonClass: 31344K(31488K)->31344K(31488K) Class: 4462K(4672K)->4462K(4672K)
[2024-03-14T06:08:36.480+0000][7.772s] GC(4) Pause Young (Concurrent Start) (Metadata GC Threshold) 116M->29M(512M) 15.920ms
[2024-03-14T06:08:36.480+0000][7.772s] GC(4) User=0.07s Sys=0.01s Real=0.01s
[2024-03-14T06:08:36.481+0000][7.773s] GC(5) Concurrent Mark Cycle
[2024-03-14T06:08:36.481+0000][7.773s] GC(5) Concurrent Clear Claimed Marks
[2024-03-14T06:08:36.482+0000][7.774s] GC(5) Concurrent Clear Claimed Marks 0.551ms
[2024-03-14T06:08:36.482+0000][7.774s] GC(5) Concurrent Scan Root Regions
[2024-03-14T06:08:36.489+0000][7.781s] GC(5) Concurrent Scan Root Regions 7.035ms
[2024-03-14T06:08:36.490+0000][7.782s] GC(5) Concurrent Mark
[2024-03-14T06:08:36.490+0000][7.782s] GC(5) Concurrent Mark From Roots
[2024-03-14T06:08:36.490+0000][7.783s] GC(5) Using 3 workers of 3 for marking
[2024-03-14T06:08:36.504+0000][7.797s] GC(5) Concurrent Mark From Roots 14.346ms
[2024-03-14T06:08:36.505+0000][7.797s] GC(5) Concurrent Preclean
[2024-03-14T06:08:36.505+0000][7.798s] GC(5) Concurrent Preclean 0.555ms
[2024-03-14T06:08:36.506+0000][7.798s] GC(5) Pause Remark
[2024-03-14T06:08:36.512+0000][7.804s] GC(5) Pause Remark 31M->31M(512M) 5.489ms
[2024-03-14T06:08:36.512+0000][7.805s] GC(5) User=0.02s Sys=0.00s Real=0.00s
[2024-03-14T06:08:36.513+0000][7.805s] GC(5) Concurrent Mark 23.405ms
[2024-03-14T06:08:36.513+0000][7.806s] GC(5) Concurrent Rebuild Remembered Sets
[2024-03-14T06:08:36.522+0000][7.814s] GC(5) Concurrent Rebuild Remembered Sets 8.214ms
[2024-03-14T06:08:36.522+0000][7.815s] GC(5) Pause Cleanup
[2024-03-14T06:08:36.523+0000][7.815s] GC(5) Pause Cleanup 32M->32M(512M) 0.810ms
[2024-03-14T06:08:36.524+0000][7.816s] GC(5) User=0.00s Sys=0.00s Real=0.01s
[2024-03-14T06:08:36.524+0000][7.816s] GC(5) Concurrent Cleanup for Next Mark
[2024-03-14T06:08:36.525+0000][7.817s] GC(5) Concurrent Cleanup for Next Mark 1.022ms
[2024-03-14T06:08:36.526+0000][7.818s] GC(5) Concurrent Mark Cycle 45.436ms
[2024-03-14T06:09:28.071+0000][59.362s] Heap
[2024-03-14T06:09:28.071+0000][59.362s]  garbage-first heap   total 524288K, used 199767K [0x00000000e0000000, 0x0000000100000000)
[2024-03-14T06:09:28.072+0000][59.363s]   region size 1024K, 173 young (177152K), 7 survivors (7168K)
[2024-03-14T06:09:28.072+0000][59.363s]  Metaspace       used 52248K, committed 52736K, reserved 1114112K
[2024-03-14T06:09:28.072+0000][59.363s]   class space    used 6712K, committed 6976K, reserved 1048576K
