[2024-03-14T00:53:21.784+0000][0.014s] Using G1
[2024-03-14T00:53:21.936+0000][0.166s] Version: 17.0.10+7 (release)
[2024-03-14T00:53:21.938+0000][0.168s] CPUs: 16 total, 16 available
[2024-03-14T00:53:21.939+0000][0.169s] Memory: 7854M
[2024-03-14T00:53:21.940+0000][0.169s] Large Page Support: Disabled
[2024-03-14T00:53:21.941+0000][0.171s] NUMA Support: Disabled
[2024-03-14T00:53:21.942+0000][0.171s] Compressed Oops: Enabled (32-bit)
[2024-03-14T00:53:21.942+0000][0.172s] Heap Region Size: 1M
[2024-03-14T00:53:21.943+0000][0.173s] Heap Min Capacity: 512M
[2024-03-14T00:53:21.944+0000][0.173s] Heap Initial Capacity: 512M
[2024-03-14T00:53:21.945+0000][0.174s] Heap Max Capacity: 512M
[2024-03-14T00:53:21.945+0000][0.175s] Pre-touch: Enabled
[2024-03-14T00:53:21.946+0000][0.175s] Parallel Workers: 13
[2024-03-14T00:53:21.946+0000][0.176s] Concurrent Workers: 3
[2024-03-14T00:53:21.947+0000][0.176s] Concurrent Refinement Workers: 13
[2024-03-14T00:53:21.948+0000][0.177s] Periodic GC: Disabled
[2024-03-14T00:53:21.964+0000][0.193s] CDS archive(s) mapped at: [0x00007f2373000000-0x00007f2373a5f000-0x00007f2373a5f000), size 10874880, SharedBaseAddress: 0x00007f2373000000, ArchiveRelocationMode: 1.
[2024-03-14T00:53:21.965+0000][0.194s] Compressed class space mapped at: 0x00007f2374000000-0x00007f23b4000000, reserved size: 1073741824
[2024-03-14T00:53:21.966+0000][0.195s] Narrow klass base: 0x00007f2373000000, Narrow klass shift: 0, Narrow klass range: 0x100000000
[2024-03-14T00:53:23.350+0000][1.580s] GC(0) Pause Young (Normal) (G1 Evacuation Pause)
[2024-03-14T00:53:23.351+0000][1.580s] GC(0) Using 12 workers of 13 for evacuation
[2024-03-14T00:53:23.357+0000][1.586s] GC(0)   Pre Evacuate Collection Set: 0.5ms
[2024-03-14T00:53:23.357+0000][1.587s] GC(0)   Merge Heap Roots: 0.9ms
[2024-03-14T00:53:23.358+0000][1.587s] GC(0)   Evacuate Collection Set: 2.6ms
[2024-03-14T00:53:23.358+0000][1.588s] GC(0)   Post Evacuate Collection Set: 1.6ms
[2024-03-14T00:53:23.358+0000][1.588s] GC(0)   Other: 0.9ms
[2024-03-14T00:53:23.359+0000][1.588s] GC(0) Eden regions: 29->0(59)
[2024-03-14T00:53:23.359+0000][1.589s] GC(0) Survivor regions: 0->4(4)
[2024-03-14T00:53:23.360+0000][1.589s] GC(0) Old regions: 0->1
[2024-03-14T00:53:23.360+0000][1.590s] GC(0) Archive regions: 2->2
[2024-03-14T00:53:23.361+0000][1.590s] GC(0) Humongous regions: 0->0
[2024-03-14T00:53:23.361+0000][1.591s] GC(0) Metaspace: 9904K(10176K)->9904K(10176K) NonClass: 8693K(8832K)->8693K(8832K) Class: 1211K(1344K)->1211K(1344K)
[2024-03-14T00:53:23.362+0000][1.591s] GC(0) Pause Young (Normal) (G1 Evacuation Pause) 29M->4M(512M) 11.398ms
[2024-03-14T00:53:23.362+0000][1.592s] GC(0) User=0.02s Sys=0.01s Real=0.01s
[2024-03-14T00:53:24.458+0000][2.688s] GC(1) Pause Young (Normal) (G1 Evacuation Pause)
[2024-03-14T00:53:24.459+0000][2.688s] GC(1) Using 13 workers of 13 for evacuation
[2024-03-14T00:53:24.477+0000][2.706s] GC(1)   Pre Evacuate Collection Set: 0.6ms
[2024-03-14T00:53:24.477+0000][2.707s] GC(1)   Merge Heap Roots: 0.4ms
[2024-03-14T00:53:24.478+0000][2.707s] GC(1)   Evacuate Collection Set: 14.1ms
[2024-03-14T00:53:24.478+0000][2.708s] GC(1)   Post Evacuate Collection Set: 2.4ms
[2024-03-14T00:53:24.479+0000][2.708s] GC(1)   Other: 1.2ms
[2024-03-14T00:53:24.479+0000][2.709s] GC(1) Eden regions: 59->0(73)
[2024-03-14T00:53:24.479+0000][2.709s] GC(1) Survivor regions: 4->8(8)
[2024-03-14T00:53:24.480+0000][2.710s] GC(1) Old regions: 1->10
[2024-03-14T00:53:24.482+0000][2.711s] GC(1) Archive regions: 2->2
[2024-03-14T00:53:24.483+0000][2.712s] GC(1) Humongous regions: 4->4
[2024-03-14T00:53:24.483+0000][2.713s] GC(1) Metaspace: 18158K(18496K)->18158K(18496K) NonClass: 15943K(16128K)->15943K(16128K) Class: 2215K(2368K)->2215K(2368K)
[2024-03-14T00:53:24.484+0000][2.713s] GC(1) Pause Young (Normal) (G1 Evacuation Pause) 67M->22M(512M) 25.689ms
[2024-03-14T00:53:24.484+0000][2.714s] GC(1) User=0.15s Sys=0.03s Real=0.02s
[2024-03-14T00:53:25.040+0000][3.270s] GC(2) Pause Young (Concurrent Start) (Metadata GC Threshold)
[2024-03-14T00:53:25.041+0000][3.270s] GC(2) Using 13 workers of 13 for evacuation
[2024-03-14T00:53:25.050+0000][3.280s] GC(2)   Pre Evacuate Collection Set: 0.5ms
[2024-03-14T00:53:25.051+0000][3.281s] GC(2)   Merge Heap Roots: 0.4ms
[2024-03-14T00:53:25.052+0000][3.281s] GC(2)   Evacuate Collection Set: 4.7ms
[2024-03-14T00:53:25.052+0000][3.282s] GC(2)   Post Evacuate Collection Set: 2.6ms
[2024-03-14T00:53:25.053+0000][3.282s] GC(2)   Other: 1.5ms
[2024-03-14T00:53:25.053+0000][3.283s] GC(2) Eden regions: 26->0(115)
[2024-03-14T00:53:25.053+0000][3.283s] GC(2) Survivor regions: 8->2(10)
[2024-03-14T00:53:25.054+0000][3.283s] GC(2) Old regions: 10->18
[2024-03-14T00:53:25.054+0000][3.284s] GC(2) Archive regions: 2->2
[2024-03-14T00:53:25.054+0000][3.284s] GC(2) Humongous regions: 4->4
[2024-03-14T00:53:25.055+0000][3.284s] GC(2) Metaspace: 21163K(21504K)->21163K(21504K) NonClass: 18574K(18752K)->18574K(18752K) Class: 2589K(2752K)->2589K(2752K)
[2024-03-14T00:53:25.055+0000][3.285s] GC(2) Pause Young (Concurrent Start) (Metadata GC Threshold) 47M->24M(512M) 15.120ms
[2024-03-14T00:53:25.056+0000][3.285s] GC(2) User=0.06s Sys=0.01s Real=0.01s
[2024-03-14T00:53:25.056+0000][3.286s] GC(3) Concurrent Mark Cycle
[2024-03-14T00:53:25.057+0000][3.286s] GC(3) Concurrent Clear Claimed Marks
[2024-03-14T00:53:25.057+0000][3.287s] GC(3) Concurrent Clear Claimed Marks 0.416ms
[2024-03-14T00:53:25.057+0000][3.287s] GC(3) Concurrent Scan Root Regions
[2024-03-14T00:53:25.060+0000][3.290s] GC(3) Concurrent Scan Root Regions 2.997ms
[2024-03-14T00:53:25.061+0000][3.290s] GC(3) Concurrent Mark
[2024-03-14T00:53:25.061+0000][3.291s] GC(3) Concurrent Mark From Roots
[2024-03-14T00:53:25.062+0000][3.291s] GC(3) Using 3 workers of 3 for marking
[2024-03-14T00:53:25.073+0000][3.302s] GC(3) Concurrent Mark From Roots 11.431ms
[2024-03-14T00:53:25.073+0000][3.303s] GC(3) Concurrent Preclean
[2024-03-14T00:53:25.074+0000][3.304s] GC(3) Concurrent Preclean 0.701ms
[2024-03-14T00:53:25.075+0000][3.304s] GC(3) Pause Remark
[2024-03-14T00:53:25.080+0000][3.309s] GC(3) Pause Remark 25M->25M(512M) 4.710ms
[2024-03-14T00:53:25.080+0000][3.310s] GC(3) User=0.02s Sys=0.01s Real=0.01s
[2024-03-14T00:53:25.081+0000][3.310s] GC(3) Concurrent Mark 20.001ms
[2024-03-14T00:53:25.081+0000][3.311s] GC(3) Concurrent Rebuild Remembered Sets
[2024-03-14T00:53:25.082+0000][3.311s] GC(3) Concurrent Rebuild Remembered Sets 0.538ms
[2024-03-14T00:53:25.084+0000][3.313s] GC(3) Pause Cleanup
[2024-03-14T00:53:25.085+0000][3.314s] GC(3) Pause Cleanup 25M->25M(512M) 1.253ms
[2024-03-14T00:53:25.085+0000][3.315s] GC(3) User=0.01s Sys=0.00s Real=0.00s
[2024-03-14T00:53:25.086+0000][3.315s] GC(3) Concurrent Cleanup for Next Mark
[2024-03-14T00:53:25.087+0000][3.316s] GC(3) Concurrent Cleanup for Next Mark 0.946ms
[2024-03-14T00:53:25.087+0000][3.317s] GC(3) Concurrent Mark Cycle 31.099ms
[2024-03-14T00:53:27.881+0000][6.111s] GC(4) Pause Young (Concurrent Start) (Metadata GC Threshold)
[2024-03-14T00:53:27.882+0000][6.111s] GC(4) Using 13 workers of 13 for evacuation
[2024-03-14T00:53:27.901+0000][6.130s] GC(4)   Pre Evacuate Collection Set: 1.0ms
[2024-03-14T00:53:27.901+0000][6.131s] GC(4)   Merge Heap Roots: 0.8ms
[2024-03-14T00:53:27.902+0000][6.132s] GC(4)   Evacuate Collection Set: 9.1ms
[2024-03-14T00:53:27.903+0000][6.132s] GC(4)   Post Evacuate Collection Set: 7.2ms
[2024-03-14T00:53:27.903+0000][6.133s] GC(4)   Other: 1.7ms
[2024-03-14T00:53:27.904+0000][6.133s] GC(4) Eden regions: 90->0(300)
[2024-03-14T00:53:27.904+0000][6.134s] GC(4) Survivor regions: 2->7(15)
[2024-03-14T00:53:27.906+0000][6.135s] GC(4) Old regions: 18->18
[2024-03-14T00:53:27.906+0000][6.136s] GC(4) Archive regions: 2->2
[2024-03-14T00:53:27.907+0000][6.136s] GC(4) Humongous regions: 4->4
[2024-03-14T00:53:27.907+0000][6.137s] GC(4) Metaspace: 35719K(36096K)->35719K(36096K) NonClass: 31264K(31424K)->31264K(31424K) Class: 4455K(4672K)->4455K(4672K)
[2024-03-14T00:53:27.908+0000][6.137s] GC(4) Pause Young (Concurrent Start) (Metadata GC Threshold) 114M->29M(512M) 26.830ms
[2024-03-14T00:53:27.908+0000][6.138s] GC(4) User=0.12s Sys=0.02s Real=0.03s
[2024-03-14T00:53:27.910+0000][6.139s] GC(5) Concurrent Mark Cycle
[2024-03-14T00:53:27.911+0000][6.140s] GC(5) Concurrent Clear Claimed Marks
[2024-03-14T00:53:27.911+0000][6.141s] GC(5) Concurrent Clear Claimed Marks 0.917ms
[2024-03-14T00:53:27.912+0000][6.142s] GC(5) Concurrent Scan Root Regions
[2024-03-14T00:53:27.920+0000][6.150s] GC(5) Concurrent Scan Root Regions 7.998ms
[2024-03-14T00:53:27.921+0000][6.150s] GC(5) Concurrent Mark
[2024-03-14T00:53:27.922+0000][6.151s] GC(5) Concurrent Mark From Roots
[2024-03-14T00:53:27.923+0000][6.152s] GC(5) Using 3 workers of 3 for marking
[2024-03-14T00:53:27.949+0000][6.179s] GC(5) Concurrent Mark From Roots 27.293ms
[2024-03-14T00:53:27.950+0000][6.179s] GC(5) Concurrent Preclean
[2024-03-14T00:53:27.951+0000][6.180s] GC(5) Concurrent Preclean 1.085ms
[2024-03-14T00:53:27.952+0000][6.182s] GC(5) Pause Remark
[2024-03-14T00:53:27.959+0000][6.188s] GC(5) Pause Remark 31M->31M(512M) 6.845ms
[2024-03-14T00:53:27.960+0000][6.189s] GC(5) User=0.02s Sys=0.00s Real=0.01s
[2024-03-14T00:53:27.961+0000][6.190s] GC(5) Concurrent Mark 40.052ms
[2024-03-14T00:53:27.962+0000][6.191s] GC(5) Concurrent Rebuild Remembered Sets
[2024-03-14T00:53:27.973+0000][6.203s] GC(5) Concurrent Rebuild Remembered Sets 11.476ms
[2024-03-14T00:53:27.974+0000][6.204s] GC(5) Pause Cleanup
[2024-03-14T00:53:27.976+0000][6.205s] GC(5) Pause Cleanup 32M->32M(512M) 1.585ms
[2024-03-14T00:53:27.977+0000][6.206s] GC(5) User=0.00s Sys=0.01s Real=0.00s
[2024-03-14T00:53:27.977+0000][6.207s] GC(5) Concurrent Cleanup for Next Mark
[2024-03-14T00:53:27.979+0000][6.209s] GC(5) Concurrent Cleanup for Next Mark 1.796ms
[2024-03-14T00:53:27.981+0000][6.211s] GC(5) Concurrent Mark Cycle 71.074ms
[2024-03-14T05:50:26.030+0000][17824.086s] Heap
[2024-03-14T05:50:26.031+0000][17824.087s]  garbage-first heap   total 524288K, used 216534K [0x00000000e0000000, 0x0000000100000000)
[2024-03-14T05:50:26.031+0000][17824.087s]   region size 1024K, 189 young (193536K), 7 survivors (7168K)
[2024-03-14T05:50:26.032+0000][17824.087s]  Metaspace       used 54287K, committed 54784K, reserved 1114112K
[2024-03-14T05:50:26.032+0000][17824.088s]   class space    used 6989K, committed 7232K, reserved 1048576K
