[2024-03-14T06:02:49.098+0000][0.019s] Using G1
[2024-03-14T06:02:49.195+0000][0.115s] Version: 17.0.10+7 (release)
[2024-03-14T06:02:49.196+0000][0.116s] CPUs: 16 total, 16 available
[2024-03-14T06:02:49.197+0000][0.117s] Memory: 7854M
[2024-03-14T06:02:49.197+0000][0.117s] Large Page Support: Disabled
[2024-03-14T06:02:49.197+0000][0.118s] NUMA Support: Disabled
[2024-03-14T06:02:49.198+0000][0.118s] Compressed Oops: Enabled (32-bit)
[2024-03-14T06:02:49.198+0000][0.118s] Heap Region Size: 1M
[2024-03-14T06:02:49.198+0000][0.119s] Heap Min Capacity: 512M
[2024-03-14T06:02:49.199+0000][0.119s] Heap Initial Capacity: 512M
[2024-03-14T06:02:49.199+0000][0.119s] Heap Max Capacity: 512M
[2024-03-14T06:02:49.200+0000][0.120s] Pre-touch: Enabled
[2024-03-14T06:02:49.200+0000][0.120s] Parallel Workers: 13
[2024-03-14T06:02:49.200+0000][0.120s] Concurrent Workers: 3
[2024-03-14T06:02:49.201+0000][0.121s] Concurrent Refinement Workers: 13
[2024-03-14T06:02:49.202+0000][0.122s] Periodic GC: Disabled
[2024-03-14T06:02:49.214+0000][0.134s] CDS archive(s) mapped at: [0x00007f79ab000000-0x00007f79aba5f000-0x00007f79aba5f000), size 10874880, SharedBaseAddress: 0x00007f79ab000000, ArchiveRelocationMode: 1.
[2024-03-14T06:02:49.215+0000][0.135s] Compressed class space mapped at: 0x00007f79ac000000-0x00007f79ec000000, reserved size: 1073741824
[2024-03-14T06:02:49.215+0000][0.135s] Narrow klass base: 0x00007f79ab000000, Narrow klass shift: 0, Narrow klass range: 0x100000000
[2024-03-14T06:02:51.062+0000][1.974s] GC(0) Pause Young (Normal) (G1 Evacuation Pause)
[2024-03-14T06:02:51.063+0000][1.974s] GC(0) Using 12 workers of 13 for evacuation
[2024-03-14T06:02:51.070+0000][1.982s] GC(0)   Pre Evacuate Collection Set: 0.6ms
[2024-03-14T06:02:51.071+0000][1.982s] GC(0)   Merge Heap Roots: 0.7ms
[2024-03-14T06:02:51.071+0000][1.982s] GC(0)   Evacuate Collection Set: 3.6ms
[2024-03-14T06:02:51.071+0000][1.983s] GC(0)   Post Evacuate Collection Set: 1.7ms
[2024-03-14T06:02:51.072+0000][1.983s] GC(0)   Other: 1.3ms
[2024-03-14T06:02:51.072+0000][1.984s] GC(0) Eden regions: 29->0(58)
[2024-03-14T06:02:51.073+0000][1.984s] GC(0) Survivor regions: 0->4(4)
[2024-03-14T06:02:51.073+0000][1.984s] GC(0) Old regions: 0->1
[2024-03-14T06:02:51.073+0000][1.985s] GC(0) Archive regions: 2->2
[2024-03-14T06:02:51.074+0000][1.985s] GC(0) Humongous regions: 0->0
[2024-03-14T06:02:51.074+0000][1.986s] GC(0) Metaspace: 9908K(10176K)->9908K(10176K) NonClass: 8697K(8832K)->8697K(8832K) Class: 1210K(1344K)->1210K(1344K)
[2024-03-14T06:02:51.075+0000][1.986s] GC(0) Pause Young (Normal) (G1 Evacuation Pause) 29M->5M(512M) 12.230ms
[2024-03-14T06:02:51.075+0000][1.986s] GC(0) User=0.02s Sys=0.01s Real=0.01s
[2024-03-14T06:02:52.014+0000][2.925s] GC(1) Pause Young (Normal) (G1 Evacuation Pause)
[2024-03-14T06:02:52.014+0000][2.926s] GC(1) Using 13 workers of 13 for evacuation
[2024-03-14T06:02:52.031+0000][2.943s] GC(1)   Pre Evacuate Collection Set: 0.6ms
[2024-03-14T06:02:52.032+0000][2.943s] GC(1)   Merge Heap Roots: 0.4ms
[2024-03-14T06:02:52.033+0000][2.944s] GC(1)   Evacuate Collection Set: 13.3ms
[2024-03-14T06:02:52.033+0000][2.944s] GC(1)   Post Evacuate Collection Set: 2.1ms
[2024-03-14T06:02:52.033+0000][2.945s] GC(1)   Other: 1.2ms
[2024-03-14T06:02:52.034+0000][2.945s] GC(1) Eden regions: 58->0(73)
[2024-03-14T06:02:52.040+0000][2.952s] GC(1) Survivor regions: 4->8(8)
[2024-03-14T06:02:52.043+0000][2.954s] GC(1) Old regions: 1->10
[2024-03-14T06:02:52.044+0000][2.955s] GC(1) Archive regions: 2->2
[2024-03-14T06:02:52.044+0000][2.956s] GC(1) Humongous regions: 4->4
[2024-03-14T06:02:52.045+0000][2.956s] GC(1) Metaspace: 18135K(18432K)->18135K(18432K) NonClass: 15922K(16128K)->15922K(16128K) Class: 2212K(2304K)->2212K(2304K)
[2024-03-14T06:02:52.045+0000][2.957s] GC(1) Pause Young (Normal) (G1 Evacuation Pause) 67M->22M(512M) 31.470ms
[2024-03-14T06:02:52.046+0000][2.957s] GC(1) User=0.15s Sys=0.02s Real=0.03s
[2024-03-14T06:02:52.613+0000][3.525s] GC(2) Pause Young (Concurrent Start) (Metadata GC Threshold)
[2024-03-14T06:02:52.614+0000][3.525s] GC(2) Using 13 workers of 13 for evacuation
[2024-03-14T06:02:52.627+0000][3.538s] GC(2)   Pre Evacuate Collection Set: 0.7ms
[2024-03-14T06:02:52.628+0000][3.539s] GC(2)   Merge Heap Roots: 0.6ms
[2024-03-14T06:02:52.628+0000][3.539s] GC(2)   Evacuate Collection Set: 8.5ms
[2024-03-14T06:02:52.628+0000][3.540s] GC(2)   Post Evacuate Collection Set: 2.6ms
[2024-03-14T06:02:52.629+0000][3.540s] GC(2)   Other: 1.5ms
[2024-03-14T06:02:52.629+0000][3.541s] GC(2) Eden regions: 28->0(104)
[2024-03-14T06:02:52.630+0000][3.541s] GC(2) Survivor regions: 8->2(10)
[2024-03-14T06:02:52.630+0000][3.541s] GC(2) Old regions: 10->19
[2024-03-14T06:02:52.631+0000][3.542s] GC(2) Archive regions: 2->2
[2024-03-14T06:02:52.631+0000][3.542s] GC(2) Humongous regions: 4->4
[2024-03-14T06:02:52.631+0000][3.543s] GC(2) Metaspace: 21176K(21504K)->21176K(21504K) NonClass: 18586K(18752K)->18586K(18752K) Class: 2590K(2752K)->2590K(2752K)
[2024-03-14T06:02:52.632+0000][3.543s] GC(2) Pause Young (Concurrent Start) (Metadata GC Threshold) 49M->24M(512M) 18.352ms
[2024-03-14T06:02:52.632+0000][3.543s] GC(2) User=0.08s Sys=0.01s Real=0.02s
[2024-03-14T06:02:52.632+0000][3.544s] GC(3) Concurrent Mark Cycle
[2024-03-14T06:02:52.633+0000][3.544s] GC(3) Concurrent Clear Claimed Marks
[2024-03-14T06:02:52.633+0000][3.545s] GC(3) Concurrent Clear Claimed Marks 0.537ms
[2024-03-14T06:02:52.634+0000][3.545s] GC(3) Concurrent Scan Root Regions
[2024-03-14T06:02:52.636+0000][3.548s] GC(3) Concurrent Scan Root Regions 2.643ms
[2024-03-14T06:02:52.637+0000][3.548s] GC(3) Concurrent Mark
[2024-03-14T06:02:52.637+0000][3.549s] GC(3) Concurrent Mark From Roots
[2024-03-14T06:02:52.638+0000][3.549s] GC(3) Using 3 workers of 3 for marking
[2024-03-14T06:02:52.646+0000][3.557s] GC(3) Concurrent Mark From Roots 8.495ms
[2024-03-14T06:02:52.646+0000][3.558s] GC(3) Concurrent Preclean
[2024-03-14T06:02:52.647+0000][3.558s] GC(3) Concurrent Preclean 0.468ms
[2024-03-14T06:02:52.648+0000][3.559s] GC(3) Pause Remark
[2024-03-14T06:02:52.655+0000][3.566s] GC(3) Pause Remark 25M->25M(512M) 6.833ms
[2024-03-14T06:02:52.655+0000][3.567s] GC(3) User=0.02s Sys=0.00s Real=0.01s
[2024-03-14T06:02:52.656+0000][3.567s] GC(3) Concurrent Mark 18.991ms
[2024-03-14T06:02:52.656+0000][3.568s] GC(3) Concurrent Rebuild Remembered Sets
[2024-03-14T06:02:52.662+0000][3.573s] GC(3) Concurrent Rebuild Remembered Sets 5.736ms
[2024-03-14T06:02:52.663+0000][3.574s] GC(3) Pause Cleanup
[2024-03-14T06:02:52.664+0000][3.575s] GC(3) Pause Cleanup 25M->25M(512M) 0.825ms
[2024-03-14T06:02:52.664+0000][3.575s] GC(3) User=0.01s Sys=0.00s Real=0.00s
[2024-03-14T06:02:52.664+0000][3.576s] GC(3) Concurrent Cleanup for Next Mark
[2024-03-14T06:02:52.665+0000][3.577s] GC(3) Concurrent Cleanup for Next Mark 0.887ms
[2024-03-14T06:02:52.666+0000][3.577s] GC(3) Concurrent Mark Cycle 33.644ms
[2024-03-14T06:02:55.485+0000][6.396s] GC(4) Pause Young (Prepare Mixed) (Metadata GC Threshold)
[2024-03-14T06:02:55.485+0000][6.397s] GC(4) Using 13 workers of 13 for evacuation
[2024-03-14T06:02:55.495+0000][6.407s] GC(4)   Pre Evacuate Collection Set: 0.7ms
[2024-03-14T06:02:55.496+0000][6.407s] GC(4)   Merge Heap Roots: 0.5ms
[2024-03-14T06:02:55.496+0000][6.407s] GC(4)   Evacuate Collection Set: 4.5ms
[2024-03-14T06:02:55.497+0000][6.408s] GC(4)   Post Evacuate Collection Set: 3.6ms
[2024-03-14T06:02:55.497+0000][6.408s] GC(4)   Other: 1.3ms
[2024-03-14T06:02:55.497+0000][6.409s] GC(4) Eden regions: 101->0(18)
[2024-03-14T06:02:55.498+0000][6.409s] GC(4) Survivor regions: 2->7(14)
[2024-03-14T06:02:55.498+0000][6.409s] GC(4) Old regions: 19->19
[2024-03-14T06:02:55.498+0000][6.410s] GC(4) Archive regions: 2->2
[2024-03-14T06:02:55.499+0000][6.410s] GC(4) Humongous regions: 4->4
[2024-03-14T06:02:55.499+0000][6.411s] GC(4) Metaspace: 35714K(36096K)->35714K(36096K) NonClass: 31260K(31424K)->31260K(31424K) Class: 4453K(4672K)->4453K(4672K)
[2024-03-14T06:02:55.500+0000][6.411s] GC(4) Pause Young (Prepare Mixed) (Metadata GC Threshold) 125M->30M(512M) 15.237ms
[2024-03-14T06:02:55.500+0000][6.412s] GC(4) User=0.07s Sys=0.01s Real=0.02s
[2024-03-14T06:02:55.519+0000][6.431s] GC(5) Pause Young (Mixed) (Metadata GC Threshold)
[2024-03-14T06:02:55.520+0000][6.431s] GC(5) Using 13 workers of 13 for evacuation
[2024-03-14T06:02:55.531+0000][6.443s] GC(5)   Pre Evacuate Collection Set: 0.5ms
[2024-03-14T06:02:55.532+0000][6.443s] GC(5)   Merge Heap Roots: 0.5ms
[2024-03-14T06:02:55.532+0000][6.443s] GC(5)   Evacuate Collection Set: 7.8ms
[2024-03-14T06:02:55.532+0000][6.444s] GC(5)   Post Evacuate Collection Set: 2.0ms
[2024-03-14T06:02:55.533+0000][6.444s] GC(5)   Other: 1.2ms
[2024-03-14T06:02:55.533+0000][6.444s] GC(5) Eden regions: 2->0(306)
[2024-03-14T06:02:55.533+0000][6.445s] GC(5) Survivor regions: 7->1(4)
[2024-03-14T06:02:55.533+0000][6.445s] GC(5) Old regions: 19->25
[2024-03-14T06:02:55.534+0000][6.445s] GC(5) Archive regions: 2->2
[2024-03-14T06:02:55.534+0000][6.445s] GC(5) Humongous regions: 4->4
[2024-03-14T06:02:55.534+0000][6.446s] GC(5) Metaspace: 36015K(36416K)->36015K(36416K) NonClass: 31531K(31744K)->31531K(31744K) Class: 4484K(4672K)->4484K(4672K)
[2024-03-14T06:02:55.534+0000][6.446s] GC(5) Pause Young (Mixed) (Metadata GC Threshold) 31M->30M(512M) 14.966ms
[2024-03-14T06:02:55.535+0000][6.446s] GC(5) User=0.09s Sys=0.01s Real=0.02s
[2024-03-14T06:02:55.554+0000][6.466s] GC(6) Pause Young (Concurrent Start) (Metadata GC Threshold)
[2024-03-14T06:02:55.555+0000][6.466s] GC(6) Using 13 workers of 13 for evacuation
[2024-03-14T06:02:55.562+0000][6.473s] GC(6)   Pre Evacuate Collection Set: 0.8ms
[2024-03-14T06:02:55.563+0000][6.474s] GC(6)   Merge Heap Roots: 0.7ms
[2024-03-14T06:02:55.563+0000][6.474s] GC(6)   Evacuate Collection Set: 3.2ms
[2024-03-14T06:02:55.563+0000][6.475s] GC(6)   Post Evacuate Collection Set: 1.8ms
[2024-03-14T06:02:55.564+0000][6.475s] GC(6)   Other: 1.3ms
[2024-03-14T06:02:55.564+0000][6.475s] GC(6) Eden regions: 2->0(306)
[2024-03-14T06:02:55.564+0000][6.476s] GC(6) Survivor regions: 1->1(39)
[2024-03-14T06:02:55.565+0000][6.476s] GC(6) Old regions: 25->25
[2024-03-14T06:02:55.565+0000][6.476s] GC(6) Archive regions: 2->2
[2024-03-14T06:02:55.565+0000][6.477s] GC(6) Humongous regions: 4->4
[2024-03-14T06:02:55.566+0000][6.477s] GC(6) Metaspace: 36363K(36736K)->36363K(36736K) NonClass: 31839K(32000K)->31839K(32000K) Class: 4524K(4736K)->4524K(4736K)
[2024-03-14T06:02:55.566+0000][6.477s] GC(6) Pause Young (Concurrent Start) (Metadata GC Threshold) 32M->30M(512M) 11.591ms
[2024-03-14T06:02:55.566+0000][6.478s] GC(6) User=0.04s Sys=0.00s Real=0.01s
[2024-03-14T06:02:55.567+0000][6.478s] GC(7) Concurrent Mark Cycle
[2024-03-14T06:02:55.567+0000][6.478s] GC(7) Concurrent Clear Claimed Marks
[2024-03-14T06:02:55.567+0000][6.479s] GC(7) Concurrent Clear Claimed Marks 0.495ms
[2024-03-14T06:02:55.568+0000][6.479s] GC(7) Concurrent Scan Root Regions
[2024-03-14T06:02:55.569+0000][6.481s] GC(7) Concurrent Scan Root Regions 1.452ms
[2024-03-14T06:02:55.570+0000][6.481s] GC(7) Concurrent Mark
[2024-03-14T06:02:55.570+0000][6.482s] GC(7) Concurrent Mark From Roots
[2024-03-14T06:02:55.571+0000][6.482s] GC(7) Using 3 workers of 3 for marking
[2024-03-14T06:02:55.590+0000][6.502s] GC(7) Concurrent Mark From Roots 19.909ms
[2024-03-14T06:02:55.591+0000][6.502s] GC(7) Concurrent Preclean
[2024-03-14T06:02:55.591+0000][6.503s] GC(7) Concurrent Preclean 0.599ms
[2024-03-14T06:02:55.592+0000][6.503s] GC(7) Pause Remark
[2024-03-14T06:02:55.596+0000][6.508s] GC(7) Pause Remark 32M->32M(512M) 4.284ms
[2024-03-14T06:02:55.597+0000][6.508s] GC(7) User=0.01s Sys=0.01s Real=0.00s
[2024-03-14T06:02:55.597+0000][6.509s] GC(7) Concurrent Mark 27.369ms
[2024-03-14T06:02:55.598+0000][6.509s] GC(7) Concurrent Rebuild Remembered Sets
[2024-03-14T06:02:55.605+0000][6.516s] GC(7) Concurrent Rebuild Remembered Sets 7.178ms
[2024-03-14T06:02:55.606+0000][6.517s] GC(7) Pause Cleanup
[2024-03-14T06:02:55.606+0000][6.518s] GC(7) Pause Cleanup 33M->33M(512M) 0.826ms
[2024-03-14T06:02:55.607+0000][6.518s] GC(7) User=0.01s Sys=0.00s Real=0.00s
[2024-03-14T06:02:55.607+0000][6.518s] GC(7) Concurrent Cleanup for Next Mark
[2024-03-14T06:02:55.608+0000][6.519s] GC(7) Concurrent Cleanup for Next Mark 0.621ms
[2024-03-14T06:02:55.608+0000][6.520s] GC(7) Concurrent Mark Cycle 41.678ms
[2024-03-14T06:08:12.211+0000][323.130s] Heap
[2024-03-14T06:08:12.212+0000][323.131s]  garbage-first heap   total 524288K, used 196771K [0x00000000e0000000, 0x0000000100000000)
[2024-03-14T06:08:12.213+0000][323.132s]   region size 1024K, 163 young (166912K), 1 survivors (1024K)
[2024-03-14T06:08:12.213+0000][323.132s]  Metaspace       used 52253K, committed 52736K, reserved 1114112K
[2024-03-14T06:08:12.213+0000][323.132s]   class space    used 6710K, committed 6976K, reserved 1048576K
