[2024-03-14T06:00:16.950+0000][0.020s] Using G1
[2024-03-14T06:00:17.062+0000][0.132s] Version: 17.0.10+7 (release)
[2024-03-14T06:00:17.063+0000][0.133s] CPUs: 16 total, 16 available
[2024-03-14T06:00:17.063+0000][0.133s] Memory: 7854M
[2024-03-14T06:00:17.063+0000][0.133s] Large Page Support: Disabled
[2024-03-14T06:00:17.064+0000][0.134s] NUMA Support: Disabled
[2024-03-14T06:00:17.064+0000][0.134s] Compressed Oops: Enabled (32-bit)
[2024-03-14T06:00:17.065+0000][0.135s] Heap Region Size: 1M
[2024-03-14T06:00:17.066+0000][0.136s] Heap Min Capacity: 512M
[2024-03-14T06:00:17.066+0000][0.136s] Heap Initial Capacity: 512M
[2024-03-14T06:00:17.067+0000][0.136s] Heap Max Capacity: 512M
[2024-03-14T06:00:17.067+0000][0.137s] Pre-touch: Enabled
[2024-03-14T06:00:17.068+0000][0.138s] Parallel Workers: 13
[2024-03-14T06:00:17.068+0000][0.138s] Concurrent Workers: 3
[2024-03-14T06:00:17.068+0000][0.138s] Concurrent Refinement Workers: 13
[2024-03-14T06:00:17.069+0000][0.139s] Periodic GC: Disabled
[2024-03-14T06:00:17.076+0000][0.146s] CDS archive(s) mapped at: [0x00007faef7000000-0x00007faef7a5f000-0x00007faef7a5f000), size 10874880, SharedBaseAddress: 0x00007faef7000000, ArchiveRelocationMode: 1.
[2024-03-14T06:00:17.077+0000][0.147s] Compressed class space mapped at: 0x00007faef8000000-0x00007faf38000000, reserved size: 1073741824
[2024-03-14T06:00:17.078+0000][0.148s] Narrow klass base: 0x00007faef7000000, Narrow klass shift: 0, Narrow klass range: 0x100000000
[2024-03-14T06:00:18.665+0000][1.735s] GC(0) Pause Young (Normal) (G1 Evacuation Pause)
[2024-03-14T06:00:18.666+0000][1.736s] GC(0) Using 12 workers of 13 for evacuation
[2024-03-14T06:00:18.676+0000][1.746s] GC(0)   Pre Evacuate Collection Set: 1.0ms
[2024-03-14T06:00:18.677+0000][1.747s] GC(0)   Merge Heap Roots: 0.9ms
[2024-03-14T06:00:18.677+0000][1.747s] GC(0)   Evacuate Collection Set: 4.1ms
[2024-03-14T06:00:18.678+0000][1.748s] GC(0)   Post Evacuate Collection Set: 3.5ms
[2024-03-14T06:00:18.678+0000][1.748s] GC(0)   Other: 1.3ms
[2024-03-14T06:00:18.678+0000][1.748s] GC(0) Eden regions: 29->0(58)
[2024-03-14T06:00:18.679+0000][1.749s] GC(0) Survivor regions: 0->4(4)
[2024-03-14T06:00:18.679+0000][1.749s] GC(0) Old regions: 0->1
[2024-03-14T06:00:18.680+0000][1.750s] GC(0) Archive regions: 2->2
[2024-03-14T06:00:18.680+0000][1.750s] GC(0) Humongous regions: 0->0
[2024-03-14T06:00:18.680+0000][1.750s] GC(0) Metaspace: 9895K(10176K)->9895K(10176K) NonClass: 8684K(8832K)->8684K(8832K) Class: 1210K(1344K)->1210K(1344K)
[2024-03-14T06:00:18.680+0000][1.750s] GC(0) Pause Young (Normal) (G1 Evacuation Pause) 29M->5M(512M) 15.094ms
[2024-03-14T06:00:18.681+0000][1.751s] GC(0) User=0.02s Sys=0.01s Real=0.02s
[2024-03-14T06:00:19.585+0000][2.655s] GC(1) Pause Young (Normal) (G1 Evacuation Pause)
[2024-03-14T06:00:19.585+0000][2.655s] GC(1) Using 13 workers of 13 for evacuation
[2024-03-14T06:00:19.602+0000][2.672s] GC(1)   Pre Evacuate Collection Set: 0.7ms
[2024-03-14T06:00:19.602+0000][2.672s] GC(1)   Merge Heap Roots: 0.5ms
[2024-03-14T06:00:19.603+0000][2.673s] GC(1)   Evacuate Collection Set: 12.0ms
[2024-03-14T06:00:19.604+0000][2.674s] GC(1)   Post Evacuate Collection Set: 2.3ms
[2024-03-14T06:00:19.606+0000][2.676s] GC(1)   Other: 1.4ms
[2024-03-14T06:00:19.607+0000][2.677s] GC(1) Eden regions: 58->0(71)
[2024-03-14T06:00:19.607+0000][2.677s] GC(1) Survivor regions: 4->8(8)
[2024-03-14T06:00:19.608+0000][2.678s] GC(1) Old regions: 1->10
[2024-03-14T06:00:19.608+0000][2.678s] GC(1) Archive regions: 2->2
[2024-03-14T06:00:19.609+0000][2.679s] GC(1) Humongous regions: 4->4
[2024-03-14T06:00:19.609+0000][2.679s] GC(1) Metaspace: 18116K(18368K)->18116K(18368K) NonClass: 15902K(16064K)->15902K(16064K) Class: 2213K(2304K)->2213K(2304K)
[2024-03-14T06:00:19.609+0000][2.679s] GC(1) Pause Young (Normal) (G1 Evacuation Pause) 67M->22M(512M) 24.595ms
[2024-03-14T06:00:19.610+0000][2.680s] GC(1) User=0.15s Sys=0.01s Real=0.03s
[2024-03-14T06:00:20.222+0000][3.291s] GC(2) Pause Young (Concurrent Start) (Metadata GC Threshold)
[2024-03-14T06:00:20.222+0000][3.291s] GC(2) Using 13 workers of 13 for evacuation
[2024-03-14T06:00:20.235+0000][3.304s] GC(2)   Pre Evacuate Collection Set: 1.0ms
[2024-03-14T06:00:20.237+0000][3.306s] GC(2)   Merge Heap Roots: 0.7ms
[2024-03-14T06:00:20.238+0000][3.307s] GC(2)   Evacuate Collection Set: 7.0ms
[2024-03-14T06:00:20.239+0000][3.308s] GC(2)   Post Evacuate Collection Set: 2.9ms
[2024-03-14T06:00:20.239+0000][3.308s] GC(2)   Other: 2.1ms
[2024-03-14T06:00:20.240+0000][3.309s] GC(2) Eden regions: 28->0(102)
[2024-03-14T06:00:20.240+0000][3.309s] GC(2) Survivor regions: 8->2(9)
[2024-03-14T06:00:20.240+0000][3.309s] GC(2) Old regions: 10->18
[2024-03-14T06:00:20.241+0000][3.310s] GC(2) Archive regions: 2->2
[2024-03-14T06:00:20.241+0000][3.310s] GC(2) Humongous regions: 4->4
[2024-03-14T06:00:20.241+0000][3.310s] GC(2) Metaspace: 21235K(21504K)->21235K(21504K) NonClass: 18635K(18752K)->18635K(18752K) Class: 2600K(2752K)->2600K(2752K)
[2024-03-14T06:00:20.242+0000][3.311s] GC(2) Pause Young (Concurrent Start) (Metadata GC Threshold) 50M->24M(512M) 20.240ms
[2024-03-14T06:00:20.242+0000][3.311s] GC(2) User=0.07s Sys=0.01s Real=0.02s
[2024-03-14T06:00:20.243+0000][3.312s] GC(3) Concurrent Mark Cycle
[2024-03-14T06:00:20.243+0000][3.312s] GC(3) Concurrent Clear Claimed Marks
[2024-03-14T06:00:20.243+0000][3.312s] GC(3) Concurrent Clear Claimed Marks 0.416ms
[2024-03-14T06:00:20.244+0000][3.313s] GC(3) Concurrent Scan Root Regions
[2024-03-14T06:00:20.248+0000][3.317s] GC(3) Concurrent Scan Root Regions 3.849ms
[2024-03-14T06:00:20.248+0000][3.317s] GC(3) Concurrent Mark
[2024-03-14T06:00:20.249+0000][3.318s] GC(3) Concurrent Mark From Roots
[2024-03-14T06:00:20.249+0000][3.318s] GC(3) Using 3 workers of 3 for marking
[2024-03-14T06:00:20.262+0000][3.331s] GC(3) Concurrent Mark From Roots 13.051ms
[2024-03-14T06:00:20.262+0000][3.331s] GC(3) Concurrent Preclean
[2024-03-14T06:00:20.263+0000][3.332s] GC(3) Concurrent Preclean 0.636ms
[2024-03-14T06:00:20.264+0000][3.333s] GC(3) Pause Remark
[2024-03-14T06:00:20.272+0000][3.341s] GC(3) Pause Remark 24M->24M(512M) 8.535ms
[2024-03-14T06:00:20.273+0000][3.342s] GC(3) User=0.02s Sys=0.00s Real=0.01s
[2024-03-14T06:00:20.274+0000][3.343s] GC(3) Concurrent Mark 25.538ms
[2024-03-14T06:00:20.274+0000][3.343s] GC(3) Concurrent Rebuild Remembered Sets
[2024-03-14T06:00:20.280+0000][3.348s] GC(3) Concurrent Rebuild Remembered Sets 5.167ms
[2024-03-14T06:00:20.280+0000][3.349s] GC(3) Pause Cleanup
[2024-03-14T06:00:20.281+0000][3.350s] GC(3) Pause Cleanup 25M->25M(512M) 0.929ms
[2024-03-14T06:00:20.282+0000][3.351s] GC(3) User=0.00s Sys=0.00s Real=0.00s
[2024-03-14T06:00:20.284+0000][3.353s] GC(3) Concurrent Cleanup for Next Mark
[2024-03-14T06:00:20.286+0000][3.355s] GC(3) Concurrent Cleanup for Next Mark 1.869ms
[2024-03-14T06:00:20.286+0000][3.355s] GC(3) Concurrent Mark Cycle 43.502ms
[2024-03-14T06:00:24.324+0000][7.393s] GC(4) Pause Young (Concurrent Start) (Metadata GC Threshold)
[2024-03-14T06:00:24.325+0000][7.394s] GC(4) Using 13 workers of 13 for evacuation
[2024-03-14T06:00:24.349+0000][7.417s] GC(4)   Pre Evacuate Collection Set: 0.6ms
[2024-03-14T06:00:24.350+0000][7.419s] GC(4)   Merge Heap Roots: 0.2ms
[2024-03-14T06:00:24.351+0000][7.420s] GC(4)   Evacuate Collection Set: 13.0ms
[2024-03-14T06:00:24.352+0000][7.421s] GC(4)   Post Evacuate Collection Set: 9.3ms
[2024-03-14T06:00:24.353+0000][7.422s] GC(4)   Other: 1.7ms
[2024-03-14T06:00:24.354+0000][7.423s] GC(4) Eden regions: 101->0(300)
[2024-03-14T06:00:24.354+0000][7.423s] GC(4) Survivor regions: 2->7(13)
[2024-03-14T06:00:24.355+0000][7.424s] GC(4) Old regions: 18->18
[2024-03-14T06:00:24.356+0000][7.425s] GC(4) Archive regions: 2->2
[2024-03-14T06:00:24.356+0000][7.425s] GC(4) Humongous regions: 4->4
[2024-03-14T06:00:24.357+0000][7.426s] GC(4) Metaspace: 35920K(36288K)->35920K(36288K) NonClass: 31448K(31616K)->31448K(31616K) Class: 4471K(4672K)->4471K(4672K)
[2024-03-14T06:00:24.358+0000][7.427s] GC(4) Pause Young (Concurrent Start) (Metadata GC Threshold) 124M->29M(512M) 33.698ms
[2024-03-14T06:00:24.358+0000][7.427s] GC(4) User=0.15s Sys=0.02s Real=0.04s
[2024-03-14T06:00:24.359+0000][7.428s] GC(5) Concurrent Mark Cycle
[2024-03-14T06:00:24.362+0000][7.430s] GC(5) Concurrent Clear Claimed Marks
[2024-03-14T06:00:24.364+0000][7.433s] GC(5) Concurrent Clear Claimed Marks 2.284ms
[2024-03-14T06:00:24.365+0000][7.434s] GC(5) Concurrent Scan Root Regions
[2024-03-14T06:00:24.372+0000][7.441s] GC(5) Concurrent Scan Root Regions 7.385ms
[2024-03-14T06:00:24.373+0000][7.442s] GC(5) Concurrent Mark
[2024-03-14T06:00:24.374+0000][7.443s] GC(5) Concurrent Mark From Roots
[2024-03-14T06:00:24.375+0000][7.444s] GC(5) Using 3 workers of 3 for marking
[2024-03-14T06:00:24.401+0000][7.470s] GC(5) Concurrent Mark From Roots 26.193ms
[2024-03-14T06:00:24.401+0000][7.470s] GC(5) Concurrent Preclean
[2024-03-14T06:00:24.402+0000][7.471s] GC(5) Concurrent Preclean 0.804ms
[2024-03-14T06:00:24.403+0000][7.472s] GC(5) Pause Remark
[2024-03-14T06:00:24.415+0000][7.484s] GC(5) Pause Remark 30M->30M(512M) 11.320ms
[2024-03-14T06:00:24.415+0000][7.484s] GC(5) User=0.04s Sys=0.01s Real=0.01s
[2024-03-14T06:00:24.417+0000][7.486s] GC(5) Concurrent Mark 43.663ms
[2024-03-14T06:00:24.418+0000][7.487s] GC(5) Concurrent Rebuild Remembered Sets
[2024-03-14T06:00:24.432+0000][7.501s] GC(5) Concurrent Rebuild Remembered Sets 14.188ms
[2024-03-14T06:00:24.433+0000][7.502s] GC(5) Pause Cleanup
[2024-03-14T06:00:24.435+0000][7.504s] GC(5) Pause Cleanup 31M->31M(512M) 1.440ms
[2024-03-14T06:00:24.435+0000][7.504s] GC(5) User=0.01s Sys=0.00s Real=0.00s
[2024-03-14T06:00:24.436+0000][7.505s] GC(5) Concurrent Cleanup for Next Mark
[2024-03-14T06:00:24.438+0000][7.507s] GC(5) Concurrent Cleanup for Next Mark 1.424ms
[2024-03-14T06:00:24.438+0000][7.507s] GC(5) Concurrent Mark Cycle 78.908ms
[2024-03-14T06:00:33.575+0000][16.644s] Heap
[2024-03-14T06:00:33.577+0000][16.646s]  garbage-first heap   total 524288K, used 198614K [0x00000000e0000000, 0x0000000100000000)
[2024-03-14T06:00:33.578+0000][16.647s]   region size 1024K, 172 young (176128K), 7 survivors (7168K)
[2024-03-14T06:00:33.579+0000][16.648s]  Metaspace       used 52238K, committed 52736K, reserved 1114112K
[2024-03-14T06:00:33.580+0000][16.649s]   class space    used 6711K, committed 6976K, reserved 1048576K
