[2024-03-14T05:55:32.733+0000][0.017s] Using G1
[2024-03-14T05:55:32.847+0000][0.131s] Version: 17.0.10+7 (release)
[2024-03-14T05:55:32.848+0000][0.132s] CPUs: 16 total, 16 available
[2024-03-14T05:55:32.848+0000][0.132s] Memory: 7854M
[2024-03-14T05:55:32.849+0000][0.133s] Large Page Support: Disabled
[2024-03-14T05:55:32.849+0000][0.133s] NUMA Support: Disabled
[2024-03-14T05:55:32.849+0000][0.134s] Compressed Oops: Enabled (32-bit)
[2024-03-14T05:55:32.850+0000][0.134s] Heap Region Size: 1M
[2024-03-14T05:55:32.850+0000][0.135s] Heap Min Capacity: 512M
[2024-03-14T05:55:32.851+0000][0.135s] Heap Initial Capacity: 512M
[2024-03-14T05:55:32.851+0000][0.135s] Heap Max Capacity: 512M
[2024-03-14T05:55:32.851+0000][0.136s] Pre-touch: Enabled
[2024-03-14T05:55:32.852+0000][0.136s] Parallel Workers: 13
[2024-03-14T05:55:32.852+0000][0.137s] Concurrent Workers: 3
[2024-03-14T05:55:32.853+0000][0.137s] Concurrent Refinement Workers: 13
[2024-03-14T05:55:32.853+0000][0.137s] Periodic GC: Disabled
[2024-03-14T05:55:32.860+0000][0.145s] CDS archive(s) mapped at: [0x00007f8437000000-0x00007f8437a5f000-0x00007f8437a5f000), size 10874880, SharedBaseAddress: 0x00007f8437000000, ArchiveRelocationMode: 1.
[2024-03-14T05:55:32.861+0000][0.145s] Compressed class space mapped at: 0x00007f8438000000-0x00007f8478000000, reserved size: 1073741824
[2024-03-14T05:55:32.861+0000][0.146s] Narrow klass base: 0x00007f8437000000, Narrow klass shift: 0, Narrow klass range: 0x100000000
[2024-03-14T05:55:34.568+0000][1.852s] GC(0) Pause Young (Normal) (G1 Evacuation Pause)
[2024-03-14T05:55:34.568+0000][1.853s] GC(0) Using 12 workers of 13 for evacuation
[2024-03-14T05:55:34.575+0000][1.859s] GC(0)   Pre Evacuate Collection Set: 0.5ms
[2024-03-14T05:55:34.575+0000][1.860s] GC(0)   Merge Heap Roots: 0.5ms
[2024-03-14T05:55:34.576+0000][1.860s] GC(0)   Evacuate Collection Set: 3.0ms
[2024-03-14T05:55:34.576+0000][1.861s] GC(0)   Post Evacuate Collection Set: 2.0ms
[2024-03-14T05:55:34.577+0000][1.861s] GC(0)   Other: 0.9ms
[2024-03-14T05:55:34.578+0000][1.862s] GC(0) Eden regions: 29->0(58)
[2024-03-14T05:55:34.578+0000][1.862s] GC(0) Survivor regions: 0->4(4)
[2024-03-14T05:55:34.579+0000][1.863s] GC(0) Old regions: 0->1
[2024-03-14T05:55:34.579+0000][1.864s] GC(0) Archive regions: 2->2
[2024-03-14T05:55:34.580+0000][1.864s] GC(0) Humongous regions: 0->0
[2024-03-14T05:55:34.580+0000][1.865s] GC(0) Metaspace: 9898K(10176K)->9898K(10176K) NonClass: 8686K(8832K)->8686K(8832K) Class: 1211K(1344K)->1211K(1344K)
[2024-03-14T05:55:34.581+0000][1.865s] GC(0) Pause Young (Normal) (G1 Evacuation Pause) 29M->5M(512M) 13.112ms
[2024-03-14T05:55:34.582+0000][1.866s] GC(0) User=0.02s Sys=0.00s Real=0.02s
[2024-03-14T05:55:35.533+0000][2.817s] GC(1) Pause Young (Normal) (G1 Evacuation Pause)
[2024-03-14T05:55:35.534+0000][2.818s] GC(1) Using 13 workers of 13 for evacuation
[2024-03-14T05:55:35.552+0000][2.836s] GC(1)   Pre Evacuate Collection Set: 0.6ms
[2024-03-14T05:55:35.553+0000][2.837s] GC(1)   Merge Heap Roots: 0.6ms
[2024-03-14T05:55:35.553+0000][2.837s] GC(1)   Evacuate Collection Set: 11.2ms
[2024-03-14T05:55:35.554+0000][2.838s] GC(1)   Post Evacuate Collection Set: 4.5ms
[2024-03-14T05:55:35.555+0000][2.839s] GC(1)   Other: 1.7ms
[2024-03-14T05:55:35.555+0000][2.839s] GC(1) Eden regions: 58->0(73)
[2024-03-14T05:55:35.556+0000][2.840s] GC(1) Survivor regions: 4->8(8)
[2024-03-14T05:55:35.557+0000][2.841s] GC(1) Old regions: 1->10
[2024-03-14T05:55:35.557+0000][2.841s] GC(1) Archive regions: 2->2
[2024-03-14T05:55:35.558+0000][2.842s] GC(1) Humongous regions: 4->4
[2024-03-14T05:55:35.558+0000][2.843s] GC(1) Metaspace: 18123K(18368K)->18123K(18368K) NonClass: 15910K(16064K)->15910K(16064K) Class: 2213K(2304K)->2213K(2304K)
[2024-03-14T05:55:35.559+0000][2.843s] GC(1) Pause Young (Normal) (G1 Evacuation Pause) 67M->22M(512M) 26.081ms
[2024-03-14T05:55:35.560+0000][2.844s] GC(1) User=0.14s Sys=0.03s Real=0.03s
[2024-03-14T05:55:36.246+0000][3.531s] GC(2) Pause Young (Concurrent Start) (Metadata GC Threshold)
[2024-03-14T05:55:36.247+0000][3.531s] GC(2) Using 13 workers of 13 for evacuation
[2024-03-14T05:55:36.258+0000][3.542s] GC(2)   Pre Evacuate Collection Set: 0.6ms
[2024-03-14T05:55:36.258+0000][3.543s] GC(2)   Merge Heap Roots: 0.4ms
[2024-03-14T05:55:36.259+0000][3.543s] GC(2)   Evacuate Collection Set: 7.3ms
[2024-03-14T05:55:36.259+0000][3.544s] GC(2)   Post Evacuate Collection Set: 1.7ms
[2024-03-14T05:55:36.260+0000][3.544s] GC(2)   Other: 1.5ms
[2024-03-14T05:55:36.260+0000][3.545s] GC(2) Eden regions: 28->0(105)
[2024-03-14T05:55:36.261+0000][3.545s] GC(2) Survivor regions: 8->2(10)
[2024-03-14T05:55:36.261+0000][3.546s] GC(2) Old regions: 10->18
[2024-03-14T05:55:36.262+0000][3.546s] GC(2) Archive regions: 2->2
[2024-03-14T05:55:36.262+0000][3.547s] GC(2) Humongous regions: 4->4
[2024-03-14T05:55:36.263+0000][3.547s] GC(2) Metaspace: 21233K(21504K)->21233K(21504K) NonClass: 18634K(18752K)->18634K(18752K) Class: 2599K(2752K)->2599K(2752K)
[2024-03-14T05:55:36.263+0000][3.548s] GC(2) Pause Young (Concurrent Start) (Metadata GC Threshold) 49M->23M(512M) 16.802ms
[2024-03-14T05:55:36.264+0000][3.548s] GC(2) User=0.06s Sys=0.01s Real=0.02s
[2024-03-14T05:55:36.264+0000][3.549s] GC(3) Concurrent Mark Cycle
[2024-03-14T05:55:36.265+0000][3.549s] GC(3) Concurrent Clear Claimed Marks
[2024-03-14T05:55:36.265+0000][3.550s] GC(3) Concurrent Clear Claimed Marks 0.492ms
[2024-03-14T05:55:36.266+0000][3.550s] GC(3) Concurrent Scan Root Regions
[2024-03-14T05:55:36.268+0000][3.552s] GC(3) Concurrent Scan Root Regions 2.284ms
[2024-03-14T05:55:36.268+0000][3.553s] GC(3) Concurrent Mark
[2024-03-14T05:55:36.269+0000][3.553s] GC(3) Concurrent Mark From Roots
[2024-03-14T05:55:36.269+0000][3.554s] GC(3) Using 3 workers of 3 for marking
[2024-03-14T05:55:36.279+0000][3.563s] GC(3) Concurrent Mark From Roots 10.240ms
[2024-03-14T05:55:36.280+0000][3.564s] GC(3) Concurrent Preclean
[2024-03-14T05:55:36.280+0000][3.564s] GC(3) Concurrent Preclean 0.476ms
[2024-03-14T05:55:36.281+0000][3.565s] GC(3) Pause Remark
[2024-03-14T05:55:36.287+0000][3.571s] GC(3) Pause Remark 24M->24M(512M) 6.250ms
[2024-03-14T05:55:36.288+0000][3.572s] GC(3) User=0.02s Sys=0.00s Real=0.00s
[2024-03-14T05:55:36.289+0000][3.573s] GC(3) Concurrent Mark 20.366ms
[2024-03-14T05:55:36.289+0000][3.573s] GC(3) Concurrent Rebuild Remembered Sets
[2024-03-14T05:55:36.294+0000][3.578s] GC(3) Concurrent Rebuild Remembered Sets 4.906ms
[2024-03-14T05:55:36.295+0000][3.579s] GC(3) Pause Cleanup
[2024-03-14T05:55:36.296+0000][3.580s] GC(3) Pause Cleanup 25M->25M(512M) 0.877ms
[2024-03-14T05:55:36.296+0000][3.580s] GC(3) User=0.00s Sys=0.00s Real=0.00s
[2024-03-14T05:55:36.297+0000][3.581s] GC(3) Concurrent Cleanup for Next Mark
[2024-03-14T05:55:36.298+0000][3.582s] GC(3) Concurrent Cleanup for Next Mark 1.074ms
[2024-03-14T05:55:36.298+0000][3.583s] GC(3) Concurrent Mark Cycle 33.959ms
[2024-03-14T05:55:39.157+0000][6.441s] GC(4) Pause Young (Concurrent Start) (Metadata GC Threshold)
[2024-03-14T05:55:39.158+0000][6.442s] GC(4) Using 13 workers of 13 for evacuation
[2024-03-14T05:55:39.172+0000][6.456s] GC(4)   Pre Evacuate Collection Set: 0.7ms
[2024-03-14T05:55:39.172+0000][6.456s] GC(4)   Merge Heap Roots: 0.5ms
[2024-03-14T05:55:39.173+0000][6.457s] GC(4)   Evacuate Collection Set: 7.3ms
[2024-03-14T05:55:39.173+0000][6.457s] GC(4)   Post Evacuate Collection Set: 4.8ms
[2024-03-14T05:55:39.173+0000][6.458s] GC(4)   Other: 1.3ms
[2024-03-14T05:55:39.174+0000][6.458s] GC(4) Eden regions: 92->0(300)
[2024-03-14T05:55:39.174+0000][6.458s] GC(4) Survivor regions: 2->7(14)
[2024-03-14T05:55:39.174+0000][6.459s] GC(4) Old regions: 18->18
[2024-03-14T05:55:39.175+0000][6.459s] GC(4) Archive regions: 2->2
[2024-03-14T05:55:39.175+0000][6.459s] GC(4) Humongous regions: 4->4
[2024-03-14T05:55:39.175+0000][6.460s] GC(4) Metaspace: 35782K(36160K)->35782K(36160K) NonClass: 31320K(31488K)->31320K(31488K) Class: 4462K(4672K)->4462K(4672K)
[2024-03-14T05:55:39.176+0000][6.460s] GC(4) Pause Young (Concurrent Start) (Metadata GC Threshold) 115M->29M(512M) 18.633ms
[2024-03-14T05:55:39.176+0000][6.460s] GC(4) User=0.09s Sys=0.01s Real=0.02s
[2024-03-14T05:55:39.176+0000][6.461s] GC(5) Concurrent Mark Cycle
[2024-03-14T05:55:39.177+0000][6.461s] GC(5) Concurrent Clear Claimed Marks
[2024-03-14T05:55:39.177+0000][6.462s] GC(5) Concurrent Clear Claimed Marks 0.605ms
[2024-03-14T05:55:39.178+0000][6.462s] GC(5) Concurrent Scan Root Regions
[2024-03-14T05:55:39.184+0000][6.468s] GC(5) Concurrent Scan Root Regions 6.137ms
[2024-03-14T05:55:39.185+0000][6.469s] GC(5) Concurrent Mark
[2024-03-14T05:55:39.185+0000][6.470s] GC(5) Concurrent Mark From Roots
[2024-03-14T05:55:39.186+0000][6.470s] GC(5) Using 3 workers of 3 for marking
[2024-03-14T05:55:39.200+0000][6.485s] GC(5) Concurrent Mark From Roots 15.196ms
[2024-03-14T05:55:39.201+0000][6.485s] GC(5) Concurrent Preclean
[2024-03-14T05:55:39.202+0000][6.486s] GC(5) Concurrent Preclean 0.647ms
[2024-03-14T05:55:39.202+0000][6.487s] GC(5) Pause Remark
[2024-03-14T05:55:39.207+0000][6.491s] GC(5) Pause Remark 31M->31M(512M) 4.391ms
[2024-03-14T05:55:39.207+0000][6.491s] GC(5) User=0.02s Sys=0.00s Real=0.00s
[2024-03-14T05:55:39.208+0000][6.492s] GC(5) Concurrent Mark 22.972ms
[2024-03-14T05:55:39.208+0000][6.492s] GC(5) Concurrent Rebuild Remembered Sets
[2024-03-14T05:55:39.216+0000][6.500s] GC(5) Concurrent Rebuild Remembered Sets 7.839ms
[2024-03-14T05:55:39.217+0000][6.501s] GC(5) Pause Cleanup
[2024-03-14T05:55:39.218+0000][6.502s] GC(5) Pause Cleanup 31M->31M(512M) 0.948ms
[2024-03-14T05:55:39.218+0000][6.502s] GC(5) User=0.00s Sys=0.00s Real=0.00s
[2024-03-14T05:55:39.219+0000][6.503s] GC(5) Concurrent Cleanup for Next Mark
[2024-03-14T05:55:39.220+0000][6.504s] GC(5) Concurrent Cleanup for Next Mark 1.026ms
[2024-03-14T05:55:39.220+0000][6.505s] GC(5) Concurrent Mark Cycle 43.952ms
[2024-03-14T05:57:57.178+0000][144.458s] Heap
[2024-03-14T05:57:57.179+0000][144.460s]  garbage-first heap   total 524288K, used 198529K [0x00000000e0000000, 0x0000000100000000)
[2024-03-14T05:57:57.182+0000][144.462s]   region size 1024K, 172 young (176128K), 7 survivors (7168K)
[2024-03-14T05:57:57.183+0000][144.464s]  Metaspace       used 52272K, committed 52800K, reserved 1114112K
[2024-03-14T05:57:57.184+0000][144.465s]   class space    used 6711K, committed 6976K, reserved 1048576K
