[2024-03-14T05:52:51.587+0000][0.020s] Using G1
[2024-03-14T05:52:51.699+0000][0.132s] Version: 17.0.10+7 (release)
[2024-03-14T05:52:51.699+0000][0.132s] CPUs: 16 total, 16 available
[2024-03-14T05:52:51.700+0000][0.133s] Memory: 7854M
[2024-03-14T05:52:51.700+0000][0.133s] Large Page Support: Disabled
[2024-03-14T05:52:51.701+0000][0.134s] NUMA Support: Disabled
[2024-03-14T05:52:51.701+0000][0.134s] Compressed Oops: Enabled (32-bit)
[2024-03-14T05:52:51.702+0000][0.134s] Heap Region Size: 1M
[2024-03-14T05:52:51.702+0000][0.135s] Heap Min Capacity: 512M
[2024-03-14T05:52:51.702+0000][0.135s] Heap Initial Capacity: 512M
[2024-03-14T05:52:51.703+0000][0.136s] Heap Max Capacity: 512M
[2024-03-14T05:52:51.703+0000][0.136s] Pre-touch: Enabled
[2024-03-14T05:52:51.704+0000][0.136s] Parallel Workers: 13
[2024-03-14T05:52:51.704+0000][0.137s] Concurrent Workers: 3
[2024-03-14T05:52:51.704+0000][0.137s] Concurrent Refinement Workers: 13
[2024-03-14T05:52:51.705+0000][0.138s] Periodic GC: Disabled
[2024-03-14T05:52:51.713+0000][0.146s] CDS archive(s) mapped at: [0x00007f39f7000000-0x00007f39f7a5f000-0x00007f39f7a5f000), size 10874880, SharedBaseAddress: 0x00007f39f7000000, ArchiveRelocationMode: 1.
[2024-03-14T05:52:51.714+0000][0.147s] Compressed class space mapped at: 0x00007f39f8000000-0x00007f3a38000000, reserved size: 1073741824
[2024-03-14T05:52:51.714+0000][0.147s] Narrow klass base: 0x00007f39f7000000, Narrow klass shift: 0, Narrow klass range: 0x100000000
[2024-03-14T05:52:53.348+0000][1.781s] GC(0) Pause Young (Normal) (G1 Evacuation Pause)
[2024-03-14T05:52:53.349+0000][1.782s] GC(0) Using 12 workers of 13 for evacuation
[2024-03-14T05:52:53.357+0000][1.790s] GC(0)   Pre Evacuate Collection Set: 0.7ms
[2024-03-14T05:52:53.358+0000][1.791s] GC(0)   Merge Heap Roots: 0.8ms
[2024-03-14T05:52:53.358+0000][1.791s] GC(0)   Evacuate Collection Set: 3.8ms
[2024-03-14T05:52:53.359+0000][1.791s] GC(0)   Post Evacuate Collection Set: 2.2ms
[2024-03-14T05:52:53.359+0000][1.792s] GC(0)   Other: 1.3ms
[2024-03-14T05:52:53.359+0000][1.792s] GC(0) Eden regions: 29->0(58)
[2024-03-14T05:52:53.360+0000][1.793s] GC(0) Survivor regions: 0->4(4)
[2024-03-14T05:52:53.360+0000][1.793s] GC(0) Old regions: 0->1
[2024-03-14T05:52:53.361+0000][1.794s] GC(0) Archive regions: 2->2
[2024-03-14T05:52:53.362+0000][1.794s] GC(0) Humongous regions: 0->0
[2024-03-14T05:52:53.362+0000][1.795s] GC(0) Metaspace: 9900K(10176K)->9900K(10176K) NonClass: 8689K(8832K)->8689K(8832K) Class: 1211K(1344K)->1211K(1344K)
[2024-03-14T05:52:53.363+0000][1.796s] GC(0) Pause Young (Normal) (G1 Evacuation Pause) 29M->5M(512M) 14.465ms
[2024-03-14T05:52:53.364+0000][1.796s] GC(0) User=0.02s Sys=0.01s Real=0.01s
[2024-03-14T05:52:54.491+0000][2.923s] GC(1) Pause Young (Normal) (G1 Evacuation Pause)
[2024-03-14T05:52:54.492+0000][2.925s] GC(1) Using 13 workers of 13 for evacuation
[2024-03-14T05:52:54.518+0000][2.950s] GC(1)   Pre Evacuate Collection Set: 0.9ms
[2024-03-14T05:52:54.518+0000][2.951s] GC(1)   Merge Heap Roots: 0.9ms
[2024-03-14T05:52:54.519+0000][2.952s] GC(1)   Evacuate Collection Set: 16.2ms
[2024-03-14T05:52:54.519+0000][2.952s] GC(1)   Post Evacuate Collection Set: 5.6ms
[2024-03-14T05:52:54.524+0000][2.957s] GC(1)   Other: 3.6ms
[2024-03-14T05:52:54.525+0000][2.958s] GC(1) Eden regions: 58->0(72)
[2024-03-14T05:52:54.525+0000][2.958s] GC(1) Survivor regions: 4->8(8)
[2024-03-14T05:52:54.526+0000][2.959s] GC(1) Old regions: 1->9
[2024-03-14T05:52:54.526+0000][2.959s] GC(1) Archive regions: 2->2
[2024-03-14T05:52:54.528+0000][2.961s] GC(1) Humongous regions: 4->4
[2024-03-14T05:52:54.530+0000][2.963s] GC(1) Metaspace: 18129K(18368K)->18129K(18368K) NonClass: 15916K(16064K)->15916K(16064K) Class: 2213K(2304K)->2213K(2304K)
[2024-03-14T05:52:54.532+0000][2.965s] GC(1) Pause Young (Normal) (G1 Evacuation Pause) 67M->21M(512M) 41.646ms
[2024-03-14T05:52:54.533+0000][2.966s] GC(1) User=0.17s Sys=0.02s Real=0.04s
[2024-03-14T05:52:55.686+0000][4.118s] GC(2) Pause Young (Concurrent Start) (Metadata GC Threshold)
[2024-03-14T05:52:55.686+0000][4.119s] GC(2) Using 13 workers of 13 for evacuation
[2024-03-14T05:52:55.700+0000][4.133s] GC(2)   Pre Evacuate Collection Set: 0.6ms
[2024-03-14T05:52:55.701+0000][4.134s] GC(2)   Merge Heap Roots: 0.4ms
[2024-03-14T05:52:55.701+0000][4.134s] GC(2)   Evacuate Collection Set: 10.0ms
[2024-03-14T05:52:55.702+0000][4.135s] GC(2)   Post Evacuate Collection Set: 2.1ms
[2024-03-14T05:52:55.702+0000][4.135s] GC(2)   Other: 1.7ms
[2024-03-14T05:52:55.703+0000][4.136s] GC(2) Eden regions: 28->0(104)
[2024-03-14T05:52:55.703+0000][4.136s] GC(2) Survivor regions: 8->2(10)
[2024-03-14T05:52:55.704+0000][4.137s] GC(2) Old regions: 9->18
[2024-03-14T05:52:55.704+0000][4.137s] GC(2) Archive regions: 2->2
[2024-03-14T05:52:55.704+0000][4.137s] GC(2) Humongous regions: 4->4
[2024-03-14T05:52:55.705+0000][4.138s] GC(2) Metaspace: 21242K(21504K)->21242K(21504K) NonClass: 18643K(18752K)->18643K(18752K) Class: 2599K(2752K)->2599K(2752K)
[2024-03-14T05:52:55.705+0000][4.138s] GC(2) Pause Young (Concurrent Start) (Metadata GC Threshold) 49M->23M(512M) 19.811ms
[2024-03-14T05:52:55.706+0000][4.139s] GC(2) User=0.06s Sys=0.01s Real=0.02s
[2024-03-14T05:52:55.706+0000][4.139s] GC(3) Concurrent Mark Cycle
[2024-03-14T05:52:55.707+0000][4.140s] GC(3) Concurrent Clear Claimed Marks
[2024-03-14T05:52:55.707+0000][4.140s] GC(3) Concurrent Clear Claimed Marks 0.505ms
[2024-03-14T05:52:55.708+0000][4.141s] GC(3) Concurrent Scan Root Regions
[2024-03-14T05:52:55.714+0000][4.146s] GC(3) Concurrent Scan Root Regions 5.203ms
[2024-03-14T05:52:55.714+0000][4.147s] GC(3) Concurrent Mark
[2024-03-14T05:52:55.715+0000][4.147s] GC(3) Concurrent Mark From Roots
[2024-03-14T05:52:55.715+0000][4.148s] GC(3) Using 3 workers of 3 for marking
[2024-03-14T05:52:55.726+0000][4.159s] GC(3) Concurrent Mark From Roots 11.564ms
[2024-03-14T05:52:55.727+0000][4.160s] GC(3) Concurrent Preclean
[2024-03-14T05:52:55.728+0000][4.161s] GC(3) Concurrent Preclean 0.593ms
[2024-03-14T05:52:55.729+0000][4.162s] GC(3) Pause Remark
[2024-03-14T05:52:55.734+0000][4.167s] GC(3) Pause Remark 24M->24M(512M) 5.160ms
[2024-03-14T05:52:55.735+0000][4.167s] GC(3) User=0.01s Sys=0.01s Real=0.00s
[2024-03-14T05:52:55.735+0000][4.168s] GC(3) Concurrent Mark 21.062ms
[2024-03-14T05:52:55.736+0000][4.169s] GC(3) Concurrent Rebuild Remembered Sets
[2024-03-14T05:52:55.743+0000][4.176s] GC(3) Concurrent Rebuild Remembered Sets 6.895ms
[2024-03-14T05:52:55.744+0000][4.177s] GC(3) Pause Cleanup
[2024-03-14T05:52:55.745+0000][4.178s] GC(3) Pause Cleanup 24M->24M(512M) 0.973ms
[2024-03-14T05:52:55.745+0000][4.178s] GC(3) User=0.00s Sys=0.00s Real=0.01s
[2024-03-14T05:52:55.746+0000][4.178s] GC(3) Concurrent Cleanup for Next Mark
[2024-03-14T05:52:55.746+0000][4.179s] GC(3) Concurrent Cleanup for Next Mark 0.791ms
[2024-03-14T05:52:55.747+0000][4.180s] GC(3) Concurrent Mark Cycle 40.673ms
[2024-03-14T05:52:58.565+0000][6.998s] GC(4) Pause Young (Concurrent Start) (GCLocker Initiated GC)
[2024-03-14T05:52:58.566+0000][6.999s] GC(4) Using 13 workers of 13 for evacuation
[2024-03-14T05:52:58.584+0000][7.017s] GC(4)   Pre Evacuate Collection Set: 1.1ms
[2024-03-14T05:52:58.586+0000][7.018s] GC(4)   Merge Heap Roots: 0.7ms
[2024-03-14T05:52:58.587+0000][7.019s] GC(4)   Evacuate Collection Set: 7.9ms
[2024-03-14T05:52:58.587+0000][7.020s] GC(4)   Post Evacuate Collection Set: 5.8ms
[2024-03-14T05:52:58.588+0000][7.020s] GC(4)   Other: 3.6ms
[2024-03-14T05:52:58.588+0000][7.021s] GC(4) Eden regions: 86->0(300)
[2024-03-14T05:52:58.589+0000][7.021s] GC(4) Survivor regions: 2->7(14)
[2024-03-14T05:52:58.589+0000][7.022s] GC(4) Old regions: 18->18
[2024-03-14T05:52:58.590+0000][7.023s] GC(4) Archive regions: 2->2
[2024-03-14T05:52:58.591+0000][7.024s] GC(4) Humongous regions: 4->4
[2024-03-14T05:52:58.591+0000][7.024s] GC(4) Metaspace: 35803K(36224K)->35803K(36224K) NonClass: 31344K(31552K)->31344K(31552K) Class: 4459K(4672K)->4459K(4672K)
[2024-03-14T05:52:58.592+0000][7.025s] GC(4) Pause Young (Concurrent Start) (GCLocker Initiated GC) 108M->29M(512M) 26.861ms
[2024-03-14T05:52:58.593+0000][7.025s] GC(4) User=0.09s Sys=0.02s Real=0.02s
[2024-03-14T05:52:58.593+0000][7.026s] GC(5) Concurrent Mark Cycle
[2024-03-14T05:52:58.594+0000][7.027s] GC(5) Concurrent Clear Claimed Marks
[2024-03-14T05:52:58.595+0000][7.028s] GC(5) Concurrent Clear Claimed Marks 0.983ms
[2024-03-14T05:52:58.595+0000][7.028s] GC(5) Concurrent Scan Root Regions
[2024-03-14T05:52:58.599+0000][7.032s] GC(5) Concurrent Scan Root Regions 3.637ms
[2024-03-14T05:52:58.601+0000][7.033s] GC(5) Concurrent Mark
[2024-03-14T05:52:58.602+0000][7.035s] GC(5) Concurrent Mark From Roots
[2024-03-14T05:52:58.604+0000][7.037s] GC(5) Using 3 workers of 3 for marking
[2024-03-14T05:52:58.627+0000][7.060s] GC(5) Concurrent Mark From Roots 25.124ms
[2024-03-14T05:52:58.628+0000][7.061s] GC(5) Concurrent Preclean
[2024-03-14T05:52:58.629+0000][7.062s] GC(5) Concurrent Preclean 0.837ms
[2024-03-14T05:52:58.630+0000][7.063s] GC(5) Pause Remark
[2024-03-14T05:52:58.640+0000][7.072s] GC(5) Pause Remark 31M->31M(512M) 9.855ms
[2024-03-14T05:52:58.640+0000][7.073s] GC(5) User=0.04s Sys=0.01s Real=0.01s
[2024-03-14T05:52:58.641+0000][7.074s] GC(5) Concurrent Mark 40.449ms
[2024-03-14T05:52:58.642+0000][7.075s] GC(5) Concurrent Rebuild Remembered Sets
[2024-03-14T05:52:58.654+0000][7.087s] GC(5) Concurrent Rebuild Remembered Sets 12.156ms
[2024-03-14T05:52:58.655+0000][7.088s] GC(5) Pause Cleanup
[2024-03-14T05:52:58.657+0000][7.090s] GC(5) Pause Cleanup 31M->31M(512M) 1.693ms
[2024-03-14T05:52:58.658+0000][7.090s] GC(5) User=0.00s Sys=0.00s Real=0.00s
[2024-03-14T05:52:58.658+0000][7.091s] GC(5) Concurrent Cleanup for Next Mark
[2024-03-14T05:52:58.660+0000][7.093s] GC(5) Concurrent Cleanup for Next Mark 1.602ms
[2024-03-14T05:52:58.661+0000][7.094s] GC(5) Concurrent Mark Cycle 67.861ms
[2024-03-14T05:53:09.939+0000][18.372s] Heap
[2024-03-14T05:53:09.940+0000][18.373s]  garbage-first heap   total 524288K, used 199490K [0x00000000e0000000, 0x0000000100000000)
[2024-03-14T05:53:09.940+0000][18.373s]   region size 1024K, 173 young (177152K), 7 survivors (7168K)
[2024-03-14T05:53:09.941+0000][18.374s]  Metaspace       used 52243K, committed 52736K, reserved 1114112K
[2024-03-14T05:53:09.941+0000][18.374s]   class space    used 6709K, committed 6976K, reserved 1048576K
