[2024-03-14T00:24:34.343+0000][0.027s] Using G1
[2024-03-14T00:24:34.459+0000][0.143s] Version: 17.0.10+7 (release)
[2024-03-14T00:24:34.459+0000][0.144s] CPUs: 16 total, 16 available
[2024-03-14T00:24:34.460+0000][0.144s] Memory: 7854M
[2024-03-14T00:24:34.461+0000][0.145s] Large Page Support: Disabled
[2024-03-14T00:24:34.461+0000][0.146s] NUMA Support: Disabled
[2024-03-14T00:24:34.464+0000][0.149s] Compressed Oops: Enabled (32-bit)
[2024-03-14T00:24:34.466+0000][0.150s] Heap Region Size: 1M
[2024-03-14T00:24:34.466+0000][0.151s] Heap Min Capacity: 512M
[2024-03-14T00:24:34.467+0000][0.151s] Heap Initial Capacity: 512M
[2024-03-14T00:24:34.468+0000][0.152s] Heap Max Capacity: 512M
[2024-03-14T00:24:34.468+0000][0.152s] Pre-touch: Enabled
[2024-03-14T00:24:34.469+0000][0.153s] Parallel Workers: 13
[2024-03-14T00:24:34.469+0000][0.153s] Concurrent Workers: 3
[2024-03-14T00:24:34.470+0000][0.154s] Concurrent Refinement Workers: 13
[2024-03-14T00:24:34.471+0000][0.155s] Periodic GC: Disabled
[2024-03-14T00:24:34.485+0000][0.170s] CDS archive(s) mapped at: [0x00007f42bf000000-0x00007f42bfa5f000-0x00007f42bfa5f000), size 10874880, SharedBaseAddress: 0x00007f42bf000000, ArchiveRelocationMode: 1.
[2024-03-14T00:24:34.486+0000][0.170s] Compressed class space mapped at: 0x00007f42c0000000-0x00007f4300000000, reserved size: 1073741824
[2024-03-14T00:24:34.488+0000][0.172s] Narrow klass base: 0x00007f42bf000000, Narrow klass shift: 0, Narrow klass range: 0x100000000
[2024-03-14T00:24:37.180+0000][2.865s] GC(0) Pause Young (Normal) (G1 Evacuation Pause)
[2024-03-14T00:24:37.181+0000][2.865s] GC(0) Using 12 workers of 13 for evacuation
[2024-03-14T00:24:37.195+0000][2.879s] GC(0)   Pre Evacuate Collection Set: 0.7ms
[2024-03-14T00:24:37.196+0000][2.880s] GC(0)   Merge Heap Roots: 1.3ms
[2024-03-14T00:24:37.197+0000][2.881s] GC(0)   Evacuate Collection Set: 5.5ms
[2024-03-14T00:24:37.198+0000][2.882s] GC(0)   Post Evacuate Collection Set: 5.3ms
[2024-03-14T00:24:37.198+0000][2.883s] GC(0)   Other: 1.9ms
[2024-03-14T00:24:37.199+0000][2.883s] GC(0) Eden regions: 29->0(56)
[2024-03-14T00:24:37.200+0000][2.884s] GC(0) Survivor regions: 0->4(4)
[2024-03-14T00:24:37.201+0000][2.886s] GC(0) Old regions: 0->1
[2024-03-14T00:24:37.204+0000][2.888s] GC(0) Archive regions: 2->2
[2024-03-14T00:24:37.204+0000][2.889s] GC(0) Humongous regions: 0->0
[2024-03-14T00:24:37.205+0000][2.889s] GC(0) Metaspace: 9916K(10176K)->9916K(10176K) NonClass: 8701K(8832K)->8701K(8832K) Class: 1214K(1344K)->1214K(1344K)
[2024-03-14T00:24:37.206+0000][2.890s] GC(0) Pause Young (Normal) (G1 Evacuation Pause) 29M->5M(512M) 25.421ms
[2024-03-14T00:24:37.207+0000][2.891s] GC(0) User=0.04s Sys=0.02s Real=0.02s
[2024-03-14T00:24:39.764+0000][5.448s] GC(1) Pause Young (Normal) (G1 Evacuation Pause)
[2024-03-14T00:24:39.765+0000][5.449s] GC(1) Using 13 workers of 13 for evacuation
[2024-03-14T00:24:39.784+0000][5.468s] GC(1)   Pre Evacuate Collection Set: 0.7ms
[2024-03-14T00:24:39.785+0000][5.469s] GC(1)   Merge Heap Roots: 0.6ms
[2024-03-14T00:24:39.786+0000][5.470s] GC(1)   Evacuate Collection Set: 11.2ms
[2024-03-14T00:24:39.787+0000][5.471s] GC(1)   Post Evacuate Collection Set: 6.5ms
[2024-03-14T00:24:39.787+0000][5.471s] GC(1)   Other: 2.0ms
[2024-03-14T00:24:39.788+0000][5.472s] GC(1) Eden regions: 56->0(123)
[2024-03-14T00:24:39.789+0000][5.473s] GC(1) Survivor regions: 4->8(8)
[2024-03-14T00:24:39.790+0000][5.474s] GC(1) Old regions: 1->10
[2024-03-14T00:24:39.790+0000][5.474s] GC(1) Archive regions: 2->2
[2024-03-14T00:24:39.791+0000][5.475s] GC(1) Humongous regions: 4->4
[2024-03-14T00:24:39.792+0000][5.476s] GC(1) Metaspace: 18122K(18368K)->18122K(18368K) NonClass: 15908K(16064K)->15908K(16064K) Class: 2213K(2304K)->2213K(2304K)
[2024-03-14T00:24:39.792+0000][5.476s] GC(1) Pause Young (Normal) (G1 Evacuation Pause) 65M->22M(512M) 28.443ms
[2024-03-14T00:24:39.793+0000][5.477s] GC(1) User=0.11s Sys=0.02s Real=0.03s
[2024-03-14T00:24:41.046+0000][6.730s] GC(2) Pause Young (Concurrent Start) (Metadata GC Threshold)
[2024-03-14T00:24:41.046+0000][6.731s] GC(2) Using 13 workers of 13 for evacuation
[2024-03-14T00:24:41.064+0000][6.748s] GC(2)   Pre Evacuate Collection Set: 1.1ms
[2024-03-14T00:24:41.066+0000][6.751s] GC(2)   Merge Heap Roots: 0.7ms
[2024-03-14T00:24:41.067+0000][6.751s] GC(2)   Evacuate Collection Set: 10.9ms
[2024-03-14T00:24:41.068+0000][6.752s] GC(2)   Post Evacuate Collection Set: 3.3ms
[2024-03-14T00:24:41.068+0000][6.753s] GC(2)   Other: 2.3ms
[2024-03-14T00:24:41.070+0000][6.754s] GC(2) Eden regions: 30->0(153)
[2024-03-14T00:24:41.071+0000][6.755s] GC(2) Survivor regions: 8->7(14)
[2024-03-14T00:24:41.071+0000][6.756s] GC(2) Old regions: 10->13
[2024-03-14T00:24:41.072+0000][6.756s] GC(2) Archive regions: 2->2
[2024-03-14T00:24:41.073+0000][6.757s] GC(2) Humongous regions: 4->4
[2024-03-14T00:24:41.073+0000][6.757s] GC(2) Metaspace: 21241K(21504K)->21241K(21504K) NonClass: 18641K(18752K)->18641K(18752K) Class: 2600K(2752K)->2600K(2752K)
[2024-03-14T00:24:41.074+0000][6.758s] GC(2) Pause Young (Concurrent Start) (Metadata GC Threshold) 51M->24M(512M) 28.162ms
[2024-03-14T00:24:41.074+0000][6.759s] GC(2) User=0.12s Sys=0.02s Real=0.03s
[2024-03-14T00:24:41.075+0000][6.759s] GC(3) Concurrent Mark Cycle
[2024-03-14T00:24:41.076+0000][6.760s] GC(3) Concurrent Clear Claimed Marks
[2024-03-14T00:24:41.077+0000][6.761s] GC(3) Concurrent Clear Claimed Marks 0.761ms
[2024-03-14T00:24:41.077+0000][6.761s] GC(3) Concurrent Scan Root Regions
[2024-03-14T00:24:41.084+0000][6.768s] GC(3) Concurrent Scan Root Regions 6.785ms
[2024-03-14T00:24:41.086+0000][6.770s] GC(3) Concurrent Mark
[2024-03-14T00:24:41.087+0000][6.771s] GC(3) Concurrent Mark From Roots
[2024-03-14T00:24:41.088+0000][6.772s] GC(3) Using 3 workers of 3 for marking
[2024-03-14T00:24:41.103+0000][6.787s] GC(3) Concurrent Mark From Roots 15.886ms
[2024-03-14T00:24:41.104+0000][6.788s] GC(3) Concurrent Preclean
[2024-03-14T00:24:41.105+0000][6.789s] GC(3) Concurrent Preclean 0.796ms
[2024-03-14T00:24:41.106+0000][6.790s] GC(3) Pause Remark
[2024-03-14T00:24:41.115+0000][6.799s] GC(3) Pause Remark 24M->24M(512M) 9.159ms
[2024-03-14T00:24:41.116+0000][6.800s] GC(3) User=0.03s Sys=0.01s Real=0.01s
[2024-03-14T00:24:41.116+0000][6.801s] GC(3) Concurrent Mark 30.667ms
[2024-03-14T00:24:41.117+0000][6.801s] GC(3) Concurrent Rebuild Remembered Sets
[2024-03-14T00:24:41.127+0000][6.811s] GC(3) Concurrent Rebuild Remembered Sets 10.127ms
[2024-03-14T00:24:41.132+0000][6.816s] GC(3) Pause Cleanup
[2024-03-14T00:24:41.134+0000][6.818s] GC(3) Pause Cleanup 25M->25M(512M) 1.508ms
[2024-03-14T00:24:41.134+0000][6.818s] GC(3) User=0.01s Sys=0.00s Real=0.00s
[2024-03-14T00:24:41.135+0000][6.819s] GC(3) Concurrent Cleanup for Next Mark
[2024-03-14T00:24:41.137+0000][6.821s] GC(3) Concurrent Cleanup for Next Mark 2.170ms
[2024-03-14T00:24:41.138+0000][6.822s] GC(3) Concurrent Mark Cycle 62.851ms
[2024-03-14T00:24:48.075+0000][13.759s] GC(4) Pause Young (Prepare Mixed) (Metadata GC Threshold)
[2024-03-14T00:24:48.076+0000][13.760s] GC(4) Using 13 workers of 13 for evacuation
[2024-03-14T00:24:48.103+0000][13.787s] GC(4)   Pre Evacuate Collection Set: 1.0ms
[2024-03-14T00:24:48.104+0000][13.788s] GC(4)   Merge Heap Roots: 1.4ms
[2024-03-14T00:24:48.104+0000][13.789s] GC(4)   Evacuate Collection Set: 14.5ms
[2024-03-14T00:24:48.106+0000][13.790s] GC(4)   Post Evacuate Collection Set: 9.1ms
[2024-03-14T00:24:48.107+0000][13.791s] GC(4)   Other: 2.1ms
[2024-03-14T00:24:48.107+0000][13.791s] GC(4) Eden regions: 93->0(12)
[2024-03-14T00:24:48.108+0000][13.792s] GC(4) Survivor regions: 7->13(23)
[2024-03-14T00:24:48.109+0000][13.793s] GC(4) Old regions: 13->13
[2024-03-14T00:24:48.110+0000][13.794s] GC(4) Archive regions: 2->2
[2024-03-14T00:24:48.112+0000][13.796s] GC(4) Humongous regions: 4->4
[2024-03-14T00:24:48.115+0000][13.799s] GC(4) Metaspace: 35779K(36160K)->35779K(36160K) NonClass: 31325K(31488K)->31325K(31488K) Class: 4453K(4672K)->4453K(4672K)
[2024-03-14T00:24:48.116+0000][13.800s] GC(4) Pause Young (Prepare Mixed) (Metadata GC Threshold) 116M->30M(512M) 40.938ms
[2024-03-14T00:24:48.117+0000][13.801s] GC(4) User=0.11s Sys=0.01s Real=0.04s
[2024-03-14T00:24:48.158+0000][13.842s] GC(5) Pause Young (Mixed) (Metadata GC Threshold)
[2024-03-14T00:24:48.159+0000][13.843s] GC(5) Using 13 workers of 13 for evacuation
[2024-03-14T00:24:48.182+0000][13.866s] GC(5)   Pre Evacuate Collection Set: 1.1ms
[2024-03-14T00:24:48.184+0000][13.867s] GC(5)   Merge Heap Roots: 1.5ms
[2024-03-14T00:24:48.184+0000][13.868s] GC(5)   Evacuate Collection Set: 13.6ms
[2024-03-14T00:24:48.187+0000][13.870s] GC(5)   Post Evacuate Collection Set: 5.9ms
[2024-03-14T00:24:48.188+0000][13.871s] GC(5)   Other: 2.1ms
[2024-03-14T00:24:48.189+0000][13.873s] GC(5) Eden regions: 2->0(306)
[2024-03-14T00:24:48.190+0000][13.874s] GC(5) Survivor regions: 13->1(4)
[2024-03-14T00:24:48.191+0000][13.875s] GC(5) Old regions: 13->25
[2024-03-14T00:24:48.192+0000][13.876s] GC(5) Archive regions: 2->2
[2024-03-14T00:24:48.193+0000][13.876s] GC(5) Humongous regions: 4->4
[2024-03-14T00:24:48.195+0000][13.878s] GC(5) Metaspace: 36072K(36480K)->36072K(36480K) NonClass: 31582K(31744K)->31582K(31744K) Class: 4490K(4736K)->4490K(4736K)
[2024-03-14T00:24:48.196+0000][13.879s] GC(5) Pause Young (Mixed) (Metadata GC Threshold) 31M->30M(512M) 37.402ms
[2024-03-14T00:24:48.196+0000][13.879s] GC(5) User=0.12s Sys=0.02s Real=0.04s
[2024-03-14T00:24:48.239+0000][13.922s] GC(6) Pause Young (Concurrent Start) (Metadata GC Threshold)
[2024-03-14T00:24:48.239+0000][13.923s] GC(6) Using 13 workers of 13 for evacuation
[2024-03-14T00:24:48.249+0000][13.932s] GC(6)   Pre Evacuate Collection Set: 0.5ms
[2024-03-14T00:24:48.250+0000][13.933s] GC(6)   Merge Heap Roots: 0.7ms
[2024-03-14T00:24:48.250+0000][13.934s] GC(6)   Evacuate Collection Set: 3.0ms
[2024-03-14T00:24:48.251+0000][13.934s] GC(6)   Post Evacuate Collection Set: 4.2ms
[2024-03-14T00:24:48.251+0000][13.935s] GC(6)   Other: 2.0ms
[2024-03-14T00:24:48.252+0000][13.935s] GC(6) Eden regions: 2->0(306)
[2024-03-14T00:24:48.253+0000][13.936s] GC(6) Survivor regions: 1->1(39)
[2024-03-14T00:24:48.253+0000][13.936s] GC(6) Old regions: 25->25
[2024-03-14T00:24:48.254+0000][13.937s] GC(6) Archive regions: 2->2
[2024-03-14T00:24:48.254+0000][13.938s] GC(6) Humongous regions: 4->4
[2024-03-14T00:24:48.255+0000][13.938s] GC(6) Metaspace: 36448K(36800K)->36448K(36800K) NonClass: 31912K(32064K)->31912K(32064K) Class: 4535K(4736K)->4535K(4736K)
[2024-03-14T00:24:48.256+0000][13.939s] GC(6) Pause Young (Concurrent Start) (Metadata GC Threshold) 32M->29M(512M) 16.937ms
[2024-03-14T00:24:48.256+0000][13.939s] GC(6) User=0.03s Sys=0.01s Real=0.02s
[2024-03-14T00:24:48.258+0000][13.941s] GC(7) Concurrent Mark Cycle
[2024-03-14T00:24:48.259+0000][13.942s] GC(7) Concurrent Clear Claimed Marks
[2024-03-14T00:24:48.260+0000][13.943s] GC(7) Concurrent Clear Claimed Marks 0.871ms
[2024-03-14T00:24:48.260+0000][13.944s] GC(7) Concurrent Scan Root Regions
[2024-03-14T00:24:48.265+0000][13.948s] GC(7) Concurrent Scan Root Regions 4.402ms
[2024-03-14T00:24:48.266+0000][13.949s] GC(7) Concurrent Mark
[2024-03-14T00:24:48.267+0000][13.950s] GC(7) Concurrent Mark From Roots
[2024-03-14T00:24:48.269+0000][13.952s] GC(7) Using 3 workers of 3 for marking
[2024-03-14T00:24:48.307+0000][13.990s] GC(7) Concurrent Mark From Roots 39.665ms
[2024-03-14T00:24:48.308+0000][13.991s] GC(7) Concurrent Preclean
[2024-03-14T00:24:48.309+0000][13.992s] GC(7) Concurrent Preclean 1.094ms
[2024-03-14T00:24:48.310+0000][13.993s] GC(7) Pause Remark
[2024-03-14T00:24:48.319+0000][14.002s] GC(7) Pause Remark 32M->32M(512M) 8.581ms
[2024-03-14T00:24:48.320+0000][14.003s] GC(7) User=0.03s Sys=0.01s Real=0.01s
[2024-03-14T00:24:48.321+0000][14.004s] GC(7) Concurrent Mark 54.758ms
[2024-03-14T00:24:48.322+0000][14.005s] GC(7) Concurrent Rebuild Remembered Sets
[2024-03-14T00:24:48.341+0000][14.024s] GC(7) Concurrent Rebuild Remembered Sets 19.016ms
[2024-03-14T00:24:48.355+0000][14.038s] GC(7) Pause Cleanup
[2024-03-14T00:24:48.357+0000][14.040s] GC(7) Pause Cleanup 32M->32M(512M) 1.903ms
[2024-03-14T00:24:48.358+0000][14.041s] GC(7) User=0.01s Sys=0.00s Real=0.00s
[2024-03-14T00:24:48.360+0000][14.043s] GC(7) Concurrent Cleanup for Next Mark
[2024-03-14T00:24:48.374+0000][14.057s] GC(7) Concurrent Cleanup for Next Mark 13.997ms
[2024-03-14T00:24:48.377+0000][14.060s] GC(7) Concurrent Mark Cycle 119.088ms
[2024-03-14T00:25:16.758+0000][42.441s] Heap
[2024-03-14T00:25:16.764+0000][42.447s]  garbage-first heap   total 524288K, used 191304K [0x00000000e0000000, 0x0000000100000000)
[2024-03-14T00:25:16.765+0000][42.448s]   region size 1024K, 158 young (161792K), 1 survivors (1024K)
[2024-03-14T00:25:16.765+0000][42.449s]  Metaspace       used 51610K, committed 52096K, reserved 1114112K
[2024-03-14T00:25:16.766+0000][42.449s]   class space    used 6625K, committed 6848K, reserved 1048576K
