[2024-03-14T05:58:41.111+0000][0.022s] Using G1
[2024-03-14T05:58:41.225+0000][0.136s] Version: 17.0.10+7 (release)
[2024-03-14T05:58:41.226+0000][0.137s] CPUs: 16 total, 16 available
[2024-03-14T05:58:41.226+0000][0.137s] Memory: 7854M
[2024-03-14T05:58:41.227+0000][0.138s] Large Page Support: Disabled
[2024-03-14T05:58:41.227+0000][0.138s] NUMA Support: Disabled
[2024-03-14T05:58:41.228+0000][0.138s] Compressed Oops: Enabled (32-bit)
[2024-03-14T05:58:41.229+0000][0.139s] Heap Region Size: 1M
[2024-03-14T05:58:41.229+0000][0.140s] Heap Min Capacity: 512M
[2024-03-14T05:58:41.229+0000][0.140s] Heap Initial Capacity: 512M
[2024-03-14T05:58:41.230+0000][0.140s] Heap Max Capacity: 512M
[2024-03-14T05:58:41.230+0000][0.141s] Pre-touch: Enabled
[2024-03-14T05:58:41.230+0000][0.141s] Parallel Workers: 13
[2024-03-14T05:58:41.230+0000][0.141s] Concurrent Workers: 3
[2024-03-14T05:58:41.231+0000][0.141s] Concurrent Refinement Workers: 13
[2024-03-14T05:58:41.231+0000][0.142s] Periodic GC: Disabled
[2024-03-14T05:58:41.239+0000][0.150s] CDS archive(s) mapped at: [0x00007f4c23000000-0x00007f4c23a5f000-0x00007f4c23a5f000), size 10874880, SharedBaseAddress: 0x00007f4c23000000, ArchiveRelocationMode: 1.
[2024-03-14T05:58:41.240+0000][0.151s] Compressed class space mapped at: 0x00007f4c24000000-0x00007f4c64000000, reserved size: 1073741824
[2024-03-14T05:58:41.240+0000][0.151s] Narrow klass base: 0x00007f4c23000000, Narrow klass shift: 0, Narrow klass range: 0x100000000
[2024-03-14T05:58:42.734+0000][1.645s] GC(0) Pause Young (Normal) (G1 Evacuation Pause)
[2024-03-14T05:58:42.735+0000][1.646s] GC(0) Using 12 workers of 13 for evacuation
[2024-03-14T05:58:42.742+0000][1.653s] GC(0)   Pre Evacuate Collection Set: 0.7ms
[2024-03-14T05:58:42.742+0000][1.653s] GC(0)   Merge Heap Roots: 0.7ms
[2024-03-14T05:58:42.743+0000][1.653s] GC(0)   Evacuate Collection Set: 3.5ms
[2024-03-14T05:58:42.743+0000][1.654s] GC(0)   Post Evacuate Collection Set: 1.7ms
[2024-03-14T05:58:42.743+0000][1.654s] GC(0)   Other: 1.0ms
[2024-03-14T05:58:42.744+0000][1.655s] GC(0) Eden regions: 29->0(57)
[2024-03-14T05:58:42.744+0000][1.655s] GC(0) Survivor regions: 0->4(4)
[2024-03-14T05:58:42.744+0000][1.655s] GC(0) Old regions: 0->1
[2024-03-14T05:58:42.745+0000][1.656s] GC(0) Archive regions: 2->2
[2024-03-14T05:58:42.745+0000][1.656s] GC(0) Humongous regions: 0->0
[2024-03-14T05:58:42.746+0000][1.656s] GC(0) Metaspace: 9931K(10176K)->9931K(10176K) NonClass: 8714K(8832K)->8714K(8832K) Class: 1216K(1344K)->1216K(1344K)
[2024-03-14T05:58:42.746+0000][1.657s] GC(0) Pause Young (Normal) (G1 Evacuation Pause) 29M->5M(512M) 11.734ms
[2024-03-14T05:58:42.746+0000][1.657s] GC(0) User=0.03s Sys=0.01s Real=0.01s
[2024-03-14T05:58:43.747+0000][2.658s] GC(1) Pause Young (Normal) (G1 Evacuation Pause)
[2024-03-14T05:58:43.748+0000][2.659s] GC(1) Using 13 workers of 13 for evacuation
[2024-03-14T05:58:43.764+0000][2.675s] GC(1)   Pre Evacuate Collection Set: 0.5ms
[2024-03-14T05:58:43.764+0000][2.675s] GC(1)   Merge Heap Roots: 0.5ms
[2024-03-14T05:58:43.765+0000][2.676s] GC(1)   Evacuate Collection Set: 11.1ms
[2024-03-14T05:58:43.765+0000][2.676s] GC(1)   Post Evacuate Collection Set: 2.7ms
[2024-03-14T05:58:43.766+0000][2.677s] GC(1)   Other: 1.7ms
[2024-03-14T05:58:43.766+0000][2.677s] GC(1) Eden regions: 57->0(120)
[2024-03-14T05:58:43.767+0000][2.678s] GC(1) Survivor regions: 4->8(8)
[2024-03-14T05:58:43.768+0000][2.679s] GC(1) Old regions: 1->10
[2024-03-14T05:58:43.770+0000][2.681s] GC(1) Archive regions: 2->2
[2024-03-14T05:58:43.771+0000][2.682s] GC(1) Humongous regions: 4->4
[2024-03-14T05:58:43.771+0000][2.682s] GC(1) Metaspace: 18133K(18368K)->18133K(18368K) NonClass: 15920K(16064K)->15920K(16064K) Class: 2212K(2304K)->2212K(2304K)
[2024-03-14T05:58:43.772+0000][2.683s] GC(1) Pause Young (Normal) (G1 Evacuation Pause) 66M->21M(512M) 24.361ms
[2024-03-14T05:58:43.773+0000][2.683s] GC(1) User=0.14s Sys=0.01s Real=0.02s
[2024-03-14T05:58:44.401+0000][3.312s] GC(2) Pause Young (Concurrent Start) (Metadata GC Threshold)
[2024-03-14T05:58:44.401+0000][3.312s] GC(2) Using 13 workers of 13 for evacuation
[2024-03-14T05:58:44.413+0000][3.323s] GC(2)   Pre Evacuate Collection Set: 0.6ms
[2024-03-14T05:58:44.413+0000][3.324s] GC(2)   Merge Heap Roots: 0.5ms
[2024-03-14T05:58:44.414+0000][3.325s] GC(2)   Evacuate Collection Set: 7.2ms
[2024-03-14T05:58:44.414+0000][3.325s] GC(2)   Post Evacuate Collection Set: 2.1ms
[2024-03-14T05:58:44.414+0000][3.325s] GC(2)   Other: 1.6ms
[2024-03-14T05:58:44.415+0000][3.326s] GC(2) Eden regions: 28->0(208)
[2024-03-14T05:58:44.415+0000][3.326s] GC(2) Survivor regions: 8->8(14)
[2024-03-14T05:58:44.416+0000][3.327s] GC(2) Old regions: 10->12
[2024-03-14T05:58:44.417+0000][3.328s] GC(2) Archive regions: 2->2
[2024-03-14T05:58:44.418+0000][3.329s] GC(2) Humongous regions: 4->4
[2024-03-14T05:58:44.419+0000][3.330s] GC(2) Metaspace: 21241K(21504K)->21241K(21504K) NonClass: 18642K(18752K)->18642K(18752K) Class: 2599K(2752K)->2599K(2752K)
[2024-03-14T05:58:44.419+0000][3.330s] GC(2) Pause Young (Concurrent Start) (Metadata GC Threshold) 49M->23M(512M) 18.851ms
[2024-03-14T05:58:44.420+0000][3.331s] GC(2) User=0.07s Sys=0.01s Real=0.02s
[2024-03-14T05:58:44.420+0000][3.331s] GC(3) Concurrent Mark Cycle
[2024-03-14T05:58:44.421+0000][3.332s] GC(3) Concurrent Clear Claimed Marks
[2024-03-14T05:58:44.421+0000][3.332s] GC(3) Concurrent Clear Claimed Marks 0.517ms
[2024-03-14T05:58:44.422+0000][3.333s] GC(3) Concurrent Scan Root Regions
[2024-03-14T05:58:44.426+0000][3.337s] GC(3) Concurrent Scan Root Regions 4.347ms
[2024-03-14T05:58:44.427+0000][3.338s] GC(3) Concurrent Mark
[2024-03-14T05:58:44.428+0000][3.339s] GC(3) Concurrent Mark From Roots
[2024-03-14T05:58:44.428+0000][3.339s] GC(3) Using 3 workers of 3 for marking
[2024-03-14T05:58:44.437+0000][3.348s] GC(3) Concurrent Mark From Roots 9.453ms
[2024-03-14T05:58:44.438+0000][3.349s] GC(3) Concurrent Preclean
[2024-03-14T05:58:44.438+0000][3.349s] GC(3) Concurrent Preclean 0.563ms
[2024-03-14T05:58:44.439+0000][3.350s] GC(3) Pause Remark
[2024-03-14T05:58:44.444+0000][3.355s] GC(3) Pause Remark 24M->24M(512M) 5.099ms
[2024-03-14T05:58:44.445+0000][3.356s] GC(3) User=0.01s Sys=0.01s Real=0.01s
[2024-03-14T05:58:44.445+0000][3.356s] GC(3) Concurrent Mark 18.249ms
[2024-03-14T05:58:44.446+0000][3.357s] GC(3) Concurrent Rebuild Remembered Sets
[2024-03-14T05:58:44.446+0000][3.357s] GC(3) Concurrent Rebuild Remembered Sets 0.386ms
[2024-03-14T05:58:44.447+0000][3.358s] GC(3) Pause Cleanup
[2024-03-14T05:58:44.447+0000][3.358s] GC(3) Pause Cleanup 24M->24M(512M) 0.325ms
[2024-03-14T05:58:44.447+0000][3.358s] GC(3) User=0.00s Sys=0.00s Real=0.00s
[2024-03-14T05:58:44.448+0000][3.359s] GC(3) Concurrent Cleanup for Next Mark
[2024-03-14T05:58:44.451+0000][3.362s] GC(3) Concurrent Cleanup for Next Mark 3.108ms
[2024-03-14T05:58:44.452+0000][3.363s] GC(3) Concurrent Mark Cycle 31.640ms
[2024-03-14T05:58:47.856+0000][6.767s] GC(4) Pause Young (Concurrent Start) (Metadata GC Threshold)
[2024-03-14T05:58:47.857+0000][6.768s] GC(4) Using 13 workers of 13 for evacuation
[2024-03-14T05:58:47.871+0000][6.782s] GC(4)   Pre Evacuate Collection Set: 0.8ms
[2024-03-14T05:58:47.872+0000][6.783s] GC(4)   Merge Heap Roots: 0.7ms
[2024-03-14T05:58:47.872+0000][6.783s] GC(4)   Evacuate Collection Set: 8.7ms
[2024-03-14T05:58:47.873+0000][6.784s] GC(4)   Post Evacuate Collection Set: 3.8ms
[2024-03-14T05:58:47.873+0000][6.784s] GC(4)   Other: 1.4ms
[2024-03-14T05:58:47.873+0000][6.784s] GC(4) Eden regions: 100->0(293)
[2024-03-14T05:58:47.874+0000][6.785s] GC(4) Survivor regions: 8->14(27)
[2024-03-14T05:58:47.874+0000][6.785s] GC(4) Old regions: 12->12
[2024-03-14T05:58:47.875+0000][6.786s] GC(4) Archive regions: 2->2
[2024-03-14T05:58:47.875+0000][6.786s] GC(4) Humongous regions: 4->4
[2024-03-14T05:58:47.875+0000][6.786s] GC(4) Metaspace: 35777K(36160K)->35777K(36160K) NonClass: 31315K(31488K)->31315K(31488K) Class: 4462K(4672K)->4462K(4672K)
[2024-03-14T05:58:47.876+0000][6.787s] GC(4) Pause Young (Concurrent Start) (Metadata GC Threshold) 123M->29M(512M) 19.730ms
[2024-03-14T05:58:47.877+0000][6.788s] GC(4) User=0.13s Sys=0.02s Real=0.02s
[2024-03-14T05:58:47.878+0000][6.789s] GC(5) Concurrent Mark Cycle
[2024-03-14T05:58:47.879+0000][6.790s] GC(5) Concurrent Clear Claimed Marks
[2024-03-14T05:58:47.880+0000][6.791s] GC(5) Concurrent Clear Claimed Marks 0.479ms
[2024-03-14T05:58:47.880+0000][6.791s] GC(5) Concurrent Scan Root Regions
[2024-03-14T05:58:47.885+0000][6.796s] GC(5) Concurrent Scan Root Regions 4.828ms
[2024-03-14T05:58:47.886+0000][6.797s] GC(5) Concurrent Mark
[2024-03-14T05:58:47.886+0000][6.797s] GC(5) Concurrent Mark From Roots
[2024-03-14T05:58:47.886+0000][6.797s] GC(5) Using 3 workers of 3 for marking
[2024-03-14T05:58:47.898+0000][6.809s] GC(5) Concurrent Mark From Roots 11.777ms
[2024-03-14T05:58:47.899+0000][6.810s] GC(5) Concurrent Preclean
[2024-03-14T05:58:47.900+0000][6.810s] GC(5) Concurrent Preclean 0.712ms
[2024-03-14T05:58:47.901+0000][6.811s] GC(5) Pause Remark
[2024-03-14T05:58:47.906+0000][6.817s] GC(5) Pause Remark 31M->31M(512M) 5.137ms
[2024-03-14T05:58:47.906+0000][6.817s] GC(5) User=0.02s Sys=0.01s Real=0.01s
[2024-03-14T05:58:47.907+0000][6.818s] GC(5) Concurrent Mark 21.310ms
[2024-03-14T05:58:47.907+0000][6.818s] GC(5) Concurrent Rebuild Remembered Sets
[2024-03-14T05:58:47.915+0000][6.826s] GC(5) Concurrent Rebuild Remembered Sets 7.387ms
[2024-03-14T05:58:47.915+0000][6.826s] GC(5) Pause Cleanup
[2024-03-14T05:58:47.917+0000][6.827s] GC(5) Pause Cleanup 32M->32M(512M) 1.030ms
[2024-03-14T05:58:47.917+0000][6.828s] GC(5) User=0.00s Sys=0.00s Real=0.00s
[2024-03-14T05:58:47.918+0000][6.828s] GC(5) Concurrent Cleanup for Next Mark
[2024-03-14T05:58:47.919+0000][6.830s] GC(5) Concurrent Cleanup for Next Mark 1.042ms
[2024-03-14T05:58:47.919+0000][6.830s] GC(5) Concurrent Mark Cycle 40.985ms
[2024-03-14T05:59:23.742+0000][42.651s] Heap
[2024-03-14T05:59:23.743+0000][42.653s]  garbage-first heap   total 524288K, used 202688K [0x00000000e0000000, 0x0000000100000000)
[2024-03-14T05:59:23.744+0000][42.654s]   region size 1024K, 182 young (186368K), 14 survivors (14336K)
[2024-03-14T05:59:23.746+0000][42.655s]  Metaspace       used 52270K, committed 52736K, reserved 1114112K
[2024-03-14T05:59:23.746+0000][42.656s]   class space    used 6710K, committed 6976K, reserved 1048576K
