[2024-03-14T05:52:07.177+0000][0.021s] Using G1
[2024-03-14T05:52:07.567+0000][0.411s] Version: 17.0.10+7 (release)
[2024-03-14T05:52:07.568+0000][0.412s] CPUs: 16 total, 16 available
[2024-03-14T05:52:07.569+0000][0.413s] Memory: 7854M
[2024-03-14T05:52:07.569+0000][0.414s] Large Page Support: Disabled
[2024-03-14T05:52:07.570+0000][0.414s] NUMA Support: Disabled
[2024-03-14T05:52:07.570+0000][0.415s] Compressed Oops: Enabled (32-bit)
[2024-03-14T05:52:07.571+0000][0.415s] Heap Region Size: 1M
[2024-03-14T05:52:07.571+0000][0.416s] Heap Min Capacity: 512M
[2024-03-14T05:52:07.572+0000][0.416s] Heap Initial Capacity: 512M
[2024-03-14T05:52:07.572+0000][0.416s] Heap Max Capacity: 512M
[2024-03-14T05:52:07.573+0000][0.417s] Pre-touch: Enabled
[2024-03-14T05:52:07.573+0000][0.417s] Parallel Workers: 13
[2024-03-14T05:52:07.574+0000][0.418s] Concurrent Workers: 3
[2024-03-14T05:52:07.575+0000][0.419s] Concurrent Refinement Workers: 13
[2024-03-14T05:52:07.577+0000][0.421s] Periodic GC: Disabled
[2024-03-14T05:52:07.603+0000][0.447s] CDS archive(s) mapped at: [0x00007f19a3000000-0x00007f19a3a5f000-0x00007f19a3a5f000), size 10874880, SharedBaseAddress: 0x00007f19a3000000, ArchiveRelocationMode: 1.
[2024-03-14T05:52:07.604+0000][0.448s] Compressed class space mapped at: 0x00007f19a4000000-0x00007f19e4000000, reserved size: 1073741824
[2024-03-14T05:52:07.604+0000][0.448s] Narrow klass base: 0x00007f19a3000000, Narrow klass shift: 0, Narrow klass range: 0x100000000
[2024-03-14T05:52:09.018+0000][1.862s] GC(0) Pause Young (Normal) (G1 Evacuation Pause)
[2024-03-14T05:52:09.018+0000][1.862s] GC(0) Using 12 workers of 13 for evacuation
[2024-03-14T05:52:09.026+0000][1.870s] GC(0)   Pre Evacuate Collection Set: 0.7ms
[2024-03-14T05:52:09.026+0000][1.870s] GC(0)   Merge Heap Roots: 0.7ms
[2024-03-14T05:52:09.026+0000][1.871s] GC(0)   Evacuate Collection Set: 3.5ms
[2024-03-14T05:52:09.027+0000][1.871s] GC(0)   Post Evacuate Collection Set: 1.9ms
[2024-03-14T05:52:09.027+0000][1.871s] GC(0)   Other: 1.0ms
[2024-03-14T05:52:09.028+0000][1.872s] GC(0) Eden regions: 29->0(59)
[2024-03-14T05:52:09.028+0000][1.872s] GC(0) Survivor regions: 0->4(4)
[2024-03-14T05:52:09.029+0000][1.873s] GC(0) Old regions: 0->1
[2024-03-14T05:52:09.029+0000][1.873s] GC(0) Archive regions: 2->2
[2024-03-14T05:52:09.029+0000][1.874s] GC(0) Humongous regions: 0->0
[2024-03-14T05:52:09.030+0000][1.874s] GC(0) Metaspace: 9898K(10176K)->9898K(10176K) NonClass: 8687K(8832K)->8687K(8832K) Class: 1210K(1344K)->1210K(1344K)
[2024-03-14T05:52:09.030+0000][1.875s] GC(0) Pause Young (Normal) (G1 Evacuation Pause) 29M->5M(512M) 12.674ms
[2024-03-14T05:52:09.031+0000][1.875s] GC(0) User=0.01s Sys=0.01s Real=0.01s
[2024-03-14T05:52:10.013+0000][2.857s] GC(1) Pause Young (Normal) (G1 Evacuation Pause)
[2024-03-14T05:52:10.014+0000][2.858s] GC(1) Using 13 workers of 13 for evacuation
[2024-03-14T05:52:10.031+0000][2.875s] GC(1)   Pre Evacuate Collection Set: 0.5ms
[2024-03-14T05:52:10.032+0000][2.876s] GC(1)   Merge Heap Roots: 0.5ms
[2024-03-14T05:52:10.032+0000][2.876s] GC(1)   Evacuate Collection Set: 13.5ms
[2024-03-14T05:52:10.032+0000][2.877s] GC(1)   Post Evacuate Collection Set: 2.3ms
[2024-03-14T05:52:10.033+0000][2.877s] GC(1)   Other: 1.4ms
[2024-03-14T05:52:10.033+0000][2.877s] GC(1) Eden regions: 59->0(73)
[2024-03-14T05:52:10.034+0000][2.878s] GC(1) Survivor regions: 4->8(8)
[2024-03-14T05:52:10.034+0000][2.879s] GC(1) Old regions: 1->10
[2024-03-14T05:52:10.036+0000][2.880s] GC(1) Archive regions: 2->2
[2024-03-14T05:52:10.037+0000][2.881s] GC(1) Humongous regions: 4->4
[2024-03-14T05:52:10.037+0000][2.881s] GC(1) Metaspace: 18159K(18496K)->18159K(18496K) NonClass: 15943K(16128K)->15943K(16128K) Class: 2215K(2368K)->2215K(2368K)
[2024-03-14T05:52:10.037+0000][2.882s] GC(1) Pause Young (Normal) (G1 Evacuation Pause) 68M->22M(512M) 24.573ms
[2024-03-14T05:52:10.038+0000][2.882s] GC(1) User=0.12s Sys=0.01s Real=0.03s
[2024-03-14T05:52:10.575+0000][3.419s] GC(2) Pause Young (Concurrent Start) (Metadata GC Threshold)
[2024-03-14T05:52:10.576+0000][3.420s] GC(2) Using 13 workers of 13 for evacuation
[2024-03-14T05:52:10.587+0000][3.431s] GC(2)   Pre Evacuate Collection Set: 0.8ms
[2024-03-14T05:52:10.587+0000][3.431s] GC(2)   Merge Heap Roots: 0.4ms
[2024-03-14T05:52:10.588+0000][3.432s] GC(2)   Evacuate Collection Set: 5.7ms
[2024-03-14T05:52:10.588+0000][3.432s] GC(2)   Post Evacuate Collection Set: 3.3ms
[2024-03-14T05:52:10.589+0000][3.433s] GC(2)   Other: 1.7ms
[2024-03-14T05:52:10.589+0000][3.433s] GC(2) Eden regions: 26->0(115)
[2024-03-14T05:52:10.589+0000][3.434s] GC(2) Survivor regions: 8->2(10)
[2024-03-14T05:52:10.590+0000][3.434s] GC(2) Old regions: 10->18
[2024-03-14T05:52:10.590+0000][3.434s] GC(2) Archive regions: 2->2
[2024-03-14T05:52:10.591+0000][3.435s] GC(2) Humongous regions: 4->4
[2024-03-14T05:52:10.591+0000][3.436s] GC(2) Metaspace: 21175K(21504K)->21175K(21504K) NonClass: 18584K(18752K)->18584K(18752K) Class: 2590K(2752K)->2590K(2752K)
[2024-03-14T05:52:10.592+0000][3.436s] GC(2) Pause Young (Concurrent Start) (Metadata GC Threshold) 47M->24M(512M) 16.797ms
[2024-03-14T05:52:10.592+0000][3.436s] GC(2) User=0.06s Sys=0.01s Real=0.01s
[2024-03-14T05:52:10.593+0000][3.437s] GC(3) Concurrent Mark Cycle
[2024-03-14T05:52:10.593+0000][3.437s] GC(3) Concurrent Clear Claimed Marks
[2024-03-14T05:52:10.594+0000][3.438s] GC(3) Concurrent Clear Claimed Marks 0.550ms
[2024-03-14T05:52:10.594+0000][3.438s] GC(3) Concurrent Scan Root Regions
[2024-03-14T05:52:10.597+0000][3.441s] GC(3) Concurrent Scan Root Regions 2.876ms
[2024-03-14T05:52:10.598+0000][3.442s] GC(3) Concurrent Mark
[2024-03-14T05:52:10.598+0000][3.442s] GC(3) Concurrent Mark From Roots
[2024-03-14T05:52:10.599+0000][3.443s] GC(3) Using 3 workers of 3 for marking
[2024-03-14T05:52:10.607+0000][3.451s] GC(3) Concurrent Mark From Roots 8.399ms
[2024-03-14T05:52:10.607+0000][3.451s] GC(3) Concurrent Preclean
[2024-03-14T05:52:10.608+0000][3.452s] GC(3) Concurrent Preclean 0.812ms
[2024-03-14T05:52:10.609+0000][3.453s] GC(3) Pause Remark
[2024-03-14T05:52:10.614+0000][3.458s] GC(3) Pause Remark 25M->25M(512M) 4.768ms
[2024-03-14T05:52:10.615+0000][3.459s] GC(3) User=0.02s Sys=0.01s Real=0.01s
[2024-03-14T05:52:10.615+0000][3.459s] GC(3) Concurrent Mark 17.280ms
[2024-03-14T05:52:10.616+0000][3.460s] GC(3) Concurrent Rebuild Remembered Sets
[2024-03-14T05:52:10.616+0000][3.460s] GC(3) Concurrent Rebuild Remembered Sets 0.391ms
[2024-03-14T05:52:10.617+0000][3.461s] GC(3) Pause Cleanup
[2024-03-14T05:52:10.617+0000][3.461s] GC(3) Pause Cleanup 25M->25M(512M) 0.478ms
[2024-03-14T05:52:10.618+0000][3.462s] GC(3) User=0.00s Sys=0.00s Real=0.00s
[2024-03-14T05:52:10.618+0000][3.462s] GC(3) Concurrent Cleanup for Next Mark
[2024-03-14T05:52:10.619+0000][3.463s] GC(3) Concurrent Cleanup for Next Mark 0.809ms
[2024-03-14T05:52:10.619+0000][3.464s] GC(3) Concurrent Mark Cycle 26.626ms
[2024-03-14T05:52:13.620+0000][6.464s] GC(4) Pause Young (Concurrent Start) (Metadata GC Threshold)
[2024-03-14T05:52:13.621+0000][6.465s] GC(4) Using 13 workers of 13 for evacuation
[2024-03-14T05:52:13.633+0000][6.477s] GC(4)   Pre Evacuate Collection Set: 0.7ms
[2024-03-14T05:52:13.633+0000][6.477s] GC(4)   Merge Heap Roots: 0.5ms
[2024-03-14T05:52:13.634+0000][6.478s] GC(4)   Evacuate Collection Set: 6.3ms
[2024-03-14T05:52:13.634+0000][6.478s] GC(4)   Post Evacuate Collection Set: 3.7ms
[2024-03-14T05:52:13.634+0000][6.479s] GC(4)   Other: 1.3ms
[2024-03-14T05:52:13.635+0000][6.479s] GC(4) Eden regions: 99->0(300)
[2024-03-14T05:52:13.635+0000][6.479s] GC(4) Survivor regions: 2->7(15)
[2024-03-14T05:52:13.636+0000][6.480s] GC(4) Old regions: 18->18
[2024-03-14T05:52:13.636+0000][6.480s] GC(4) Archive regions: 2->2
[2024-03-14T05:52:13.636+0000][6.480s] GC(4) Humongous regions: 4->4
[2024-03-14T05:52:13.637+0000][6.481s] GC(4) Metaspace: 35776K(36160K)->35776K(36160K) NonClass: 31315K(31488K)->31315K(31488K) Class: 4460K(4672K)->4460K(4672K)
[2024-03-14T05:52:13.637+0000][6.481s] GC(4) Pause Young (Concurrent Start) (Metadata GC Threshold) 123M->29M(512M) 16.681ms
[2024-03-14T05:52:13.637+0000][6.482s] GC(4) User=0.10s Sys=0.01s Real=0.02s
[2024-03-14T05:52:13.638+0000][6.482s] GC(5) Concurrent Mark Cycle
[2024-03-14T05:52:13.639+0000][6.483s] GC(5) Concurrent Clear Claimed Marks
[2024-03-14T05:52:13.639+0000][6.484s] GC(5) Concurrent Clear Claimed Marks 0.755ms
[2024-03-14T05:52:13.640+0000][6.484s] GC(5) Concurrent Scan Root Regions
[2024-03-14T05:52:13.645+0000][6.490s] GC(5) Concurrent Scan Root Regions 5.547ms
[2024-03-14T05:52:13.646+0000][6.490s] GC(5) Concurrent Mark
[2024-03-14T05:52:13.647+0000][6.491s] GC(5) Concurrent Mark From Roots
[2024-03-14T05:52:13.648+0000][6.492s] GC(5) Using 3 workers of 3 for marking
[2024-03-14T05:52:13.664+0000][6.508s] GC(5) Concurrent Mark From Roots 17.119ms
[2024-03-14T05:52:13.665+0000][6.509s] GC(5) Concurrent Preclean
[2024-03-14T05:52:13.665+0000][6.509s] GC(5) Concurrent Preclean 0.518ms
[2024-03-14T05:52:13.666+0000][6.510s] GC(5) Pause Remark
[2024-03-14T05:52:13.671+0000][6.516s] GC(5) Pause Remark 31M->31M(512M) 5.646ms
[2024-03-14T05:52:13.672+0000][6.516s] GC(5) User=0.03s Sys=0.00s Real=0.00s
[2024-03-14T05:52:13.673+0000][6.517s] GC(5) Concurrent Mark 26.443ms
[2024-03-14T05:52:13.673+0000][6.517s] GC(5) Concurrent Rebuild Remembered Sets
[2024-03-14T05:52:13.682+0000][6.526s] GC(5) Concurrent Rebuild Remembered Sets 8.316ms
[2024-03-14T05:52:13.682+0000][6.526s] GC(5) Pause Cleanup
[2024-03-14T05:52:13.683+0000][6.528s] GC(5) Pause Cleanup 32M->32M(512M) 1.054ms
[2024-03-14T05:52:13.684+0000][6.528s] GC(5) User=0.00s Sys=0.00s Real=0.01s
[2024-03-14T05:52:13.684+0000][6.529s] GC(5) Concurrent Cleanup for Next Mark
[2024-03-14T05:52:13.686+0000][6.530s] GC(5) Concurrent Cleanup for Next Mark 1.215ms
[2024-03-14T05:52:13.686+0000][6.530s] GC(5) Concurrent Mark Cycle 48.268ms
[2024-03-14T05:52:34.766+0000][27.609s] Heap
[2024-03-14T05:52:34.767+0000][27.610s]  garbage-first heap   total 524288K, used 198793K [0x00000000e0000000, 0x0000000100000000)
[2024-03-14T05:52:34.767+0000][27.611s]   region size 1024K, 172 young (176128K), 7 survivors (7168K)
[2024-03-14T05:52:34.768+0000][27.611s]  Metaspace       used 52273K, committed 52736K, reserved 1114112K
[2024-03-14T05:52:34.768+0000][27.612s]   class space    used 6711K, committed 6976K, reserved 1048576K
